Component: ARM Compiler 5.06 update 6 (build 750) Tool: armlink [4d35ed]

==============================================================================

Section Cross References

    lab4.o(i.ADC0_INIT_SEQ1) refers to sysctl.o(i.SysCtlPeripheralEnable) for SysCtlPeripheralEnable
    lab4.o(i.ADC0_INIT_SEQ1) refers to sysctl.o(i.SysCtlPeripheralReady) for SysCtlPeripheralReady
    lab4.o(i.ADC0_INIT_SEQ1) refers to adc.o(i.ADCSequenceDisable) for ADCSequenceDisable
    lab4.o(i.ADC0_INIT_SEQ1) refers to gpio.o(i.GPIOPinTypeADC) for GPIOPinTypeADC
    lab4.o(i.ADC0_INIT_SEQ1) refers to adc.o(i.ADCSequenceConfigure) for ADCSequenceConfigure
    lab4.o(i.ADC0_INIT_SEQ1) refers to adc.o(i.ADCSequenceStepConfigure) for ADCSequenceStepConfigure
    lab4.o(i.ADC0_INIT_SEQ1) refers to adc.o(i.ADCSequenceEnable) for ADCSequenceEnable
    lab4.o(i.ADC0_INIT_SEQ2) refers to sysctl.o(i.SysCtlPeripheralEnable) for SysCtlPeripheralEnable
    lab4.o(i.ADC0_INIT_SEQ2) refers to sysctl.o(i.SysCtlPeripheralReady) for SysCtlPeripheralReady
    lab4.o(i.ADC0_INIT_SEQ2) refers to adc.o(i.ADCSequenceDisable) for ADCSequenceDisable
    lab4.o(i.ADC0_INIT_SEQ2) refers to gpio.o(i.GPIOPinTypeADC) for GPIOPinTypeADC
    lab4.o(i.ADC0_INIT_SEQ2) refers to adc.o(i.ADCSequenceConfigure) for ADCSequenceConfigure
    lab4.o(i.ADC0_INIT_SEQ2) refers to adc.o(i.ADCSequenceStepConfigure) for ADCSequenceStepConfigure
    lab4.o(i.ADC0_INIT_SEQ2) refers to adc.o(i.ADCSequenceEnable) for ADCSequenceEnable
    lab4.o(i.ADC0_READ_SEQ1) refers to adc.o(i.ADCIntClear) for ADCIntClear
    lab4.o(i.ADC0_READ_SEQ1) refers to adc.o(i.ADCProcessorTrigger) for ADCProcessorTrigger
    lab4.o(i.ADC0_READ_SEQ1) refers to adc.o(i.ADCIntStatus) for ADCIntStatus
    lab4.o(i.ADC0_READ_SEQ1) refers to adc.o(i.ADCSequenceDataGet) for ADCSequenceDataGet
    lab4.o(i.ADC0_READ_SEQ2) refers to adc.o(i.ADCIntClear) for ADCIntClear
    lab4.o(i.ADC0_READ_SEQ2) refers to adc.o(i.ADCProcessorTrigger) for ADCProcessorTrigger
    lab4.o(i.ADC0_READ_SEQ2) refers to adc.o(i.ADCIntStatus) for ADCIntStatus
    lab4.o(i.ADC0_READ_SEQ2) refers to adc.o(i.ADCSequenceDataGet) for ADCSequenceDataGet
    lab4.o(i.CMD_INTERPRETER) refers to lab4.o(i.UART1_WRITE) for UART1_WRITE
    lab4.o(i.CMD_INTERPRETER) refers to lab4.o(i.MOTOR_STOP) for MOTOR_STOP
    lab4.o(i.CMD_INTERPRETER) refers to lab4.o(.data) for activeFlag
    lab4.o(i.FRONT_WALL_TURN) refers to lab4.o(i.ADC0_READ_SEQ1) for ADC0_READ_SEQ1
    lab4.o(i.FRONT_WALL_TURN) refers to lab4.o(i.ADC0_READ_SEQ2) for ADC0_READ_SEQ2
    lab4.o(i.FRONT_WALL_TURN) refers to lab4.o(i.MOTOR_DIR) for MOTOR_DIR
    lab4.o(i.FRONT_WALL_TURN) refers to lab4.o(i.MOTOR_START) for MOTOR_START
    lab4.o(i.FRONT_WALL_TURN) refers to sysctl.o(.emb_text) for SysCtlDelay
    lab4.o(i.FRONT_WALL_TURN) refers to lab4.o(.data) for activeFlag
    lab4.o(i.GPIOA_INIT) refers to sysctl.o(i.SysCtlPeripheralEnable) for SysCtlPeripheralEnable
    lab4.o(i.GPIOA_INIT) refers to sysctl.o(i.SysCtlPeripheralReady) for SysCtlPeripheralReady
    lab4.o(i.GPIOA_INIT) refers to gpio.o(i.GPIOPinTypeGPIOOutput) for GPIOPinTypeGPIOOutput
    lab4.o(i.GPIOA_INIT) refers to gpio.o(i.GPIOPinWrite) for GPIOPinWrite
    lab4.o(i.MOTOR_DIR) refers to gpio.o(i.GPIOPinWrite) for GPIOPinWrite
    lab4.o(i.MOTOR_START) refers to pwm.o(i.PWMGenDisable) for PWMGenDisable
    lab4.o(i.MOTOR_START) refers to pwm.o(i.PWMOutputState) for PWMOutputState
    lab4.o(i.MOTOR_START) refers to pwm.o(i.PWMPulseWidthSet) for PWMPulseWidthSet
    lab4.o(i.MOTOR_START) refers to pwm.o(i.PWMGenEnable) for PWMGenEnable
    lab4.o(i.MOTOR_STOP) refers to pwm.o(i.PWMOutputState) for PWMOutputState
    lab4.o(i.PWM1_INIT) refers to sysctl.o(i.SysCtlPeripheralEnable) for SysCtlPeripheralEnable
    lab4.o(i.PWM1_INIT) refers to sysctl.o(i.SysCtlPeripheralReady) for SysCtlPeripheralReady
    lab4.o(i.PWM1_INIT) refers to sysctl.o(i.SysCtlPWMClockSet) for SysCtlPWMClockSet
    lab4.o(i.PWM1_INIT) refers to gpio.o(i.GPIOPinConfigure) for GPIOPinConfigure
    lab4.o(i.PWM1_INIT) refers to gpio.o(i.GPIOPinTypePWM) for GPIOPinTypePWM
    lab4.o(i.PWM1_INIT) refers to pwm.o(i.PWMGenConfigure) for PWMGenConfigure
    lab4.o(i.PWM1_INIT) refers to pwm.o(i.PWMGenPeriodSet) for PWMGenPeriodSet
    lab4.o(i.PWM1_INIT) refers to pwm.o(i.PWMPulseWidthSet) for PWMPulseWidthSet
    lab4.o(i.PWM1_INIT) refers to pwm.o(i.PWMGenEnable) for PWMGenEnable
    lab4.o(i.PWM1_INIT) refers to pwm.o(i.PWMOutputState) for PWMOutputState
    lab4.o(i.RIGHT_WALL_ADJUST) refers to _printf_percent.o(.ARM.Collect$$_printf_percent$$00000000) for _printf_percent
    lab4.o(i.RIGHT_WALL_ADJUST) refers to _printf_d.o(.ARM.Collect$$_printf_percent$$00000009) for _printf_d
    lab4.o(i.RIGHT_WALL_ADJUST) refers to _printf_dec.o(.text) for _printf_int_dec
    lab4.o(i.RIGHT_WALL_ADJUST) refers to lab4.o(i.ADC0_READ_SEQ1) for ADC0_READ_SEQ1
[...]
    Removing usb.o(i.USBHostLPMSend), (36 bytes).
    Removing usb.o(i.USBHostMode), (8 bytes).
    Removing usb.o(i.USBHostPwrConfig), (24 bytes).
    Removing usb.o(i.USBHostPwrDisable), (14 bytes).
    Removing usb.o(i.USBHostPwrEnable), (14 bytes).
    Removing usb.o(i.USBHostPwrFaultDisable), (14 bytes).
    Removing usb.o(i.USBHostPwrFaultEnable), (14 bytes).
    Removing usb.o(i.USBHostRequestIN), (20 bytes).
    Removing usb.o(i.USBHostRequestINClear), (24 bytes).
    Removing usb.o(i.USBHostRequestStatus), (8 bytes).
    Removing usb.o(i.USBHostReset), (22 bytes).
    Removing usb.o(i.USBHostResume), (22 bytes).
    Removing usb.o(i.USBHostSpeedGet), (48 bytes).
    Removing usb.o(i.USBHostSuspend), (10 bytes).
    Removing usb.o(i.USBIntDisableControl), (40 bytes).
    Removing usb.o(i.USBIntDisableEndpoint), (20 bytes).
    Removing usb.o(i.USBIntEnableControl), (40 bytes).
    Removing usb.o(i.USBIntEnableEndpoint), (22 bytes).
    Removing usb.o(i.USBIntRegister), (30 bytes).
    Removing usb.o(i.USBIntStatusControl), (64 bytes).
    Removing usb.o(i.USBIntStatusEndpoint), (12 bytes).
    Removing usb.o(i.USBIntUnregister), (26 bytes).
    Removing usb.o(i.USBLPMEndpointGet), (12 bytes).
    Removing usb.o(i.USBLPMIntDisable), (12 bytes).
    Removing usb.o(i.USBLPMIntEnable), (12 bytes).
    Removing usb.o(i.USBLPMIntStatus), (8 bytes).
    Removing usb.o(i.USBLPMLinkStateGet), (12 bytes).
    Removing usb.o(i.USBLPMRemoteWakeEnabled), (20 bytes).
    Removing usb.o(i.USBModeConfig), (6 bytes).
    Removing usb.o(i.USBModeGet), (12 bytes).
    Removing usb.o(i.USBNumEndpointsGet), (12 bytes).
    Removing usb.o(i.USBOTGMode), (8 bytes).
    Removing usb.o(i.USBOTGSessionRequest), (30 bytes).
    Removing usb.o(i.USBPHYPowerOff), (10 bytes).
    Removing usb.o(i.USBPHYPowerOn), (10 bytes).
    Removing usb.o(i.USBULPIConfig), (6 bytes).
    Removing usb.o(i.USBULPIDisable), (14 bytes).
    Removing usb.o(i.USBULPIEnable), (14 bytes).
    Removing usb.o(i.USBULPIRegRead), (38 bytes).
    Removing usb.o(i.USBULPIRegWrite), (34 bytes).
    Removing usb.o(i._USBIndexRead), (22 bytes).
    Removing usb.o(i._USBIndexWrite), (22 bytes).
    Removing usb.o(i._USBIntNumberGet), (60 bytes).
    Removing watchdog.o(i.WatchdogEnable), (10 bytes).
    Removing watchdog.o(i.WatchdogIntClear), (6 bytes).
    Removing watchdog.o(i.WatchdogIntEnable), (10 bytes).
    Removing watchdog.o(i.WatchdogIntRegister), (22 bytes).
    Removing watchdog.o(i.WatchdogIntStatus), (12 bytes).
    Removing watchdog.o(i.WatchdogIntTypeSet), (12 bytes).
    Removing watchdog.o(i.WatchdogIntUnregister), (18 bytes).
    Removing watchdog.o(i.WatchdogLock), (8 bytes).
    Removing watchdog.o(i.WatchdogLockState), (16 bytes).
    Removing watchdog.o(i.WatchdogReloadGet), (6 bytes).
    Removing watchdog.o(i.WatchdogReloadSet), (4 bytes).
    Removing watchdog.o(i.WatchdogResetDisable), (10 bytes).
    Removing watchdog.o(i.WatchdogResetEnable), (10 bytes).
    Removing watchdog.o(i.WatchdogRunning), (10 bytes).
    Removing watchdog.o(i.WatchdogStallDisable), (14 bytes).
    Removing watchdog.o(i.WatchdogStallEnable), (14 bytes).
    Removing watchdog.o(i.WatchdogUnlock), (12 bytes).
    Removing watchdog.o(i.WatchdogValueGet), (6 bytes).
    Removing system_tm4c123.o(.rev16_text), (4 bytes).
    Removing system_tm4c123.o(.revsh_text), (4 bytes).
    Removing system_tm4c123.o(.rrx_text), (6 bytes).
    Removing system_tm4c123.o(i.SystemCoreClockUpdate), (196 bytes).
    Removing system_tm4c123.o(i.SystemInit), (136 bytes).
    Removing system_tm4c123.o(i.getOscClk), (248 bytes).
    Removing system_tm4c123.o(.data), (4 bytes).

909 unused section(s) (total 41109 bytes) removed from the image.

==============================================================================

Image Symbol Table

    Local Symbols

    Symbol Name                              Value     Ov Type        Size  Object(Section)

    RESET                                    0x00000000   Section      620  startup_tm4c123.o(RESET)
    ../clib/angel/boardlib.s                 0x00000000   Number         0  boardshut.o ABSOLUTE
    ../clib/angel/boardlib.s                 0x00000000   Number         0  boardinit1.o ABSOLUTE
    ../clib/angel/boardlib.s                 0x00000000   Number         0  boardinit2.o ABSOLUTE
    ../clib/angel/boardlib.s                 0x00000000   Number         0  boardinit3.o ABSOLUTE
    ../clib/angel/handlers.s                 0x00000000   Number         0  __scatter_zi.o ABSOLUTE
    ../clib/angel/handlers.s                 0x00000000   Number         0  __scatter_copy.o ABSOLUTE
    ../clib/angel/kernel.s                   0x00000000   Number         0  rtexit.o ABSOLUTE
    ../clib/angel/kernel.s                   0x00000000   Number         0  __rtentry.o ABSOLUTE
    ../clib/angel/kernel.s                   0x00000000   Number         0  rtexit2.o ABSOLUTE
    ../clib/angel/kernel.s                   0x00000000   Number         0  __rtentry2.o ABSOLUTE
    ../clib/angel/kernel.s                   0x00000000   Number         0  __rtentry4.o ABSOLUTE
    ../clib/angel/rt.s                       0x00000000   Number         0  rt_raise.o ABSOLUTE
    ../clib/angel/scatter.s                  0x00000000   Number         0  __scatter.o ABSOLUTE
    ../clib/angel/startup.s                  0x00000000   Number         0  __main.o ABSOLUTE
    ../clib/angel/sys.s                      0x00000000   Number         0  use_no_semi.o ABSOLUTE
    ../clib/angel/sys.s                      0x00000000   Number         0  indicate_semi.o ABSOLUTE
    ../clib/angel/sys.s                      0x00000000   Number         0  sys_stackheap_outer.o ABSOLUTE
    ../clib/angel/sys.s                      0x00000000   Number         0  libspace.o ABSOLUTE
    ../clib/angel/sysapp.c                   0x00000000   Number         0  sys_command.o ABSOLUTE
    ../clib/angel/sysapp.c                   0x00000000   Number         0  sys_exit.o ABSOLUTE
    ../clib/angel/sysapp.c                   0x00000000   Number         0  sys_wrch.o ABSOLUTE
    ../clib/armsys.c                         0x00000000   Number         0  argv_veneer.o ABSOLUTE
    ../clib/armsys.c                         0x00000000   Number         0  _get_argv_nomalloc.o ABSOLUTE
    ../clib/armsys.c                         0x00000000   Number         0  no_argv.o ABSOLUTE
    ../clib/armsys.c                         0x00000000   Number         0  argv_veneer.o ABSOLUTE
    ../clib/heapalloc.c                      0x00000000   Number         0  hrguard.o ABSOLUTE
    ../clib/heapaux.c                        0x00000000   Number         0  heapauxi.o ABSOLUTE
    ../clib/libinit.s                        0x00000000   Number         0  libshutdown.o ABSOLUTE
    ../clib/libinit.s                        0x00000000   Number         0  libinit2.o ABSOLUTE
    ../clib/libinit.s                        0x00000000   Number         0  libshutdown2.o ABSOLUTE
    ../clib/libinit.s                        0x00000000   Number         0  libinit.o ABSOLUTE
    ../clib/printf.c                         0x00000000   Number         0  __printf_flags_wp.o ABSOLUTE
    ../clib/printf.c                         0x00000000   Number         0  _printf_char_common.o ABSOLUTE
    ../clib/printf.c                         0x00000000   Number         0  _printf_dec.o ABSOLUTE
    ../clib/printf.c                         0x00000000   Number         0  _printf_intcommon.o ABSOLUTE
    ../clib/printf.c                         0x00000000   Number         0  __printf_flags_ss_wp.o ABSOLUTE
    ../clib/printf.c                         0x00000000   Number         0  __printf_ss_wp.o ABSOLUTE
    ../clib/printf.c                         0x00000000   Number         0  __printf_wp.o ABSOLUTE
    ../clib/printf.c                         0x00000000   Number         0  __printf_flags_ss.o ABSOLUTE
    ../clib/printf.c                         0x00000000   Number         0  noretval__2sprintf.o ABSOLUTE
    ../clib/printf.c                         0x00000000   Number         0  __printf_ss.o ABSOLUTE
    ../clib/printf.c                         0x00000000   Number         0  __printf.o ABSOLUTE
    ../clib/printf.c                         0x00000000   Number         0  __printf_flags.o ABSOLUTE
    ../clib/printf.c                         0x00000000   Number         0  __2sprintf.o ABSOLUTE
    ../clib/printf.c                         0x00000000   Number         0  __printf_nopercent.o ABSOLUTE
    ../clib/printf.c                         0x00000000   Number         0  _sputc.o ABSOLUTE
    ../clib/printf_percent.s                 0x00000000   Number         0  _printf_percent_end.o ABSOLUTE
    ../clib/printf_percent.s                 0x00000000   Number         0  _printf_d.o ABSOLUTE
    ../clib/printf_percent.s                 0x00000000   Number         0  _printf_percent.o ABSOLUTE
    ../clib/signal.c                         0x00000000   Number         0  defsig_exit.o ABSOLUTE
    ../clib/signal.c                         0x00000000   Number         0  defsig_fpe_inner.o ABSOLUTE
    ../clib/signal.c                         0x00000000   Number         0  defsig_rtred_inner.o ABSOLUTE
    ../clib/signal.c                         0x00000000   Number         0  defsig_rtmem_formal.o ABSOLUTE
    ../clib/signal.c                         0x00000000   Number         0  defsig_rtmem_outer.o ABSOLUTE
    ../clib/signal.c                         0x00000000   Number         0  defsig_other.o ABSOLUTE
    ../clib/signal.c                         0x00000000   Number         0  defsig_stak_inner.o ABSOLUTE
    ../clib/signal.c                         0x00000000   Number         0  defsig_rtmem_inner.o ABSOLUTE
    ../clib/signal.c                         0x00000000   Number         0  defsig_pvfn_inner.o ABSOLUTE
    ../clib/signal.c                         0x00000000   Number         0  __raise.o ABSOLUTE
    ../clib/signal.c                         0x00000000   Number         0  defsig_cppl_inner.o ABSOLUTE
    ../clib/signal.c                         0x00000000   Number         0  defsig_segv_inner.o ABSOLUTE
    ../clib/signal.c                         0x00000000   Number         0  defsig_abrt_inner.o ABSOLUTE
    ../clib/signal.c                         0x00000000   Number         0  defsig_general.o ABSOLUTE
    ../clib/signal.s                         0x00000000   Number         0  defsig.o ABSOLUTE
    ../clib/stdlib.c                         0x00000000   Number         0  exit.o ABSOLUTE
    ../fplib/dfix.s                          0x00000000   Number         0  dfix.o ABSOLUTE
    ../fplib/dflt.s                          0x00000000   Number         0  dflt_clz.o ABSOLUTE
    ../fplib/dmul.s                          0x00000000   Number         0  dmul.o ABSOLUTE
    ../fplib/dnaninf.s                       0x00000000   Number         0  dnaninf.o ABSOLUTE
    ../fplib/dretinf.s                       0x00000000   Number         0  dretinf.o ABSOLUTE
    ../fplib/faddsub.s                       0x00000000   Number         0  faddsub_clz.o ABSOLUTE
    ../fplib/ffix.s                          0x00000000   Number         0  ffix.o ABSOLUTE
    ../fplib/fflt.s                          0x00000000   Number         0  fflt_clz.o ABSOLUTE
    ../fplib/fmul.s                          0x00000000   Number         0  fmul.o ABSOLUTE
    ../fplib/fnaninf.s                       0x00000000   Number         0  fnaninf.o ABSOLUTE
    ../fplib/fpinit.s                        0x00000000   Number         0  fpinit.o ABSOLUTE
    ../fplib/fretinf.s                       0x00000000   Number         0  fretinf.o ABSOLUTE
    ../fplib/usenofp.s                       0x00000000   Number         0  usenofp.o ABSOLUTE
    ..\\driverlib\\cpu.c                     0x00000000   Number         0  cpu.o ABSOLUTE
    ..\\driverlib\\sysctl.c                  0x00000000   Number         0  sysctl.o ABSOLUTE
    ..\\inc\\BSP.c                           0x00000000   Number         0  bsp.o ABSOLUTE
    ..\driverlib\adc.c                       0x00000000   Number         0  adc.o ABSOLUTE
    ..\driverlib\aes.c                       0x00000000   Number         0  aes.o ABSOLUTE
    ..\driverlib\can.c                       0x00000000   Number         0  can.o ABSOLUTE
    ..\driverlib\comp.c                      0x00000000   Number         0  comp.o ABSOLUTE
    ..\driverlib\cpu.c                       0x00000000   Number         0  cpu.o ABSOLUTE
    ..\driverlib\crc.c                       0x00000000   Number         0  crc.o ABSOLUTE
    ..\driverlib\des.c                       0x00000000   Number         0  des.o ABSOLUTE
    ..\driverlib\eeprom.c                    0x00000000   Number         0  eeprom.o ABSOLUTE
    ..\driverlib\epi.c                       0x00000000   Number         0  epi.o ABSOLUTE
    ..\driverlib\flash.c                     0x00000000   Number         0  flash.o ABSOLUTE
    ..\driverlib\fpu.c                       0x00000000   Number         0  fpu.o ABSOLUTE
    ..\driverlib\gpio.c                      0x00000000   Number         0  gpio.o ABSOLUTE
    ..\driverlib\hibernate.c                 0x00000000   Number         0  hibernate.o ABSOLUTE
    ..\driverlib\i2c.c                       0x00000000   Number         0  i2c.o ABSOLUTE
    ..\driverlib\interrupt.c                 0x00000000   Number         0  interrupt.o ABSOLUTE
    ..\driverlib\lcd.c                       0x00000000   Number         0  lcd.o ABSOLUTE
    ..\driverlib\mpu.c                       0x00000000   Number         0  mpu.o ABSOLUTE
    ..\driverlib\pwm.c                       0x00000000   Number         0  pwm.o ABSOLUTE
    ..\driverlib\qei.c                       0x00000000   Number         0  qei.o ABSOLUTE
    ..\driverlib\shamd5.c                    0x00000000   Number         0  shamd5.o ABSOLUTE
    ..\driverlib\ssi.c                       0x00000000   Number         0  ssi.o ABSOLUTE
    ..\driverlib\sw_crc.c                    0x00000000   Number         0  sw_crc.o ABSOLUTE
    ..\driverlib\sysctl.c                    0x00000000   Number         0  sysctl.o ABSOLUTE
    ..\driverlib\sysexc.c                    0x00000000   Number         0  sysexc.o ABSOLUTE
    ..\driverlib\systick.c                   0x00000000   Number         0  systick.o ABSOLUTE
    ..\driverlib\timer.c                     0x00000000   Number         0  timer.o ABSOLUTE
    ..\driverlib\uart.c                      0x00000000   Number         0  uart.o ABSOLUTE
    ..\driverlib\udma.c                      0x00000000   Number         0  udma.o ABSOLUTE
    ..\driverlib\usb.c                       0x00000000   Number         0  usb.o ABSOLUTE
    ..\driverlib\watchdog.c                  0x00000000   Number         0  watchdog.o ABSOLUTE
    ..\inc\BSP.c                             0x00000000   Number         0  bsp.o ABSOLUTE
    ..\inc\Profile.c                         0x00000000   Number         0  profile.o ABSOLUTE
    Lab4.c                                   0x00000000   Number         0  lab4.o ABSOLUTE
    RTE\Device\TM4C123GH6PM\startup_TM4C123.s 0x00000000   Number         0  startup_tm4c123.o ABSOLUTE
    RTE\Device\TM4C123GH6PM\system_TM4C123.c 0x00000000   Number         0  system_tm4c123.o ABSOLUTE
    RTE\\Device\\TM4C123GH6PM\\system_TM4C123.c 0x00000000   Number         0  system_tm4c123.o ABSOLUTE
    dc.s                                     0x00000000   Number         0  dc.o ABSOLUTE
    os.c                                     0x00000000   Number         0  os.o ABSOLUTE
    osasm.s                                  0x00000000   Number         0  osasm.o ABSOLUTE
    !!!main                                  0x0000026c   Section        8  __main.o(!!!main)
    !!!scatter                               0x00000274   Section       52  __scatter.o(!!!scatter)
    !!handler_copy                           0x000002a8   Section       26  __scatter_copy.o(!!handler_copy)
    !!handler_zi                             0x000002c4   Section       28  __scatter_zi.o(!!handler_zi)
    .ARM.Collect$$_printf_percent$$00000000  0x000002e0   Section        0  _printf_percent.o(.ARM.Collect$$_printf_percent$$00000000)
    .ARM.Collect$$_printf_percent$$00000009  0x000002e0   Section        6  _printf_d.o(.ARM.Collect$$_printf_percent$$00000009)
    .ARM.Collect$$_printf_percent$$00000017  0x000002e6   Section        4  _printf_percent_end.o(.ARM.Collect$$_printf_percent$$00000017)
    .ARM.Collect$$libinit$$00000000          0x000002ea   Section        2  libinit.o(.ARM.Collect$$libinit$$00000000)
    .ARM.Collect$$libinit$$00000002          0x000002ec   Section        0  libinit2.o(.ARM.Collect$$libinit$$00000002)
    .ARM.Collect$$libinit$$00000004          0x000002ec   Section        0  libinit2.o(.ARM.Collect$$libinit$$00000004)
    .ARM.Collect$$libinit$$0000000A          0x000002ec   Section        0  libinit2.o(.ARM.Collect$$libinit$$0000000A)
    .ARM.Collect$$libinit$$0000000C          0x000002ec   Section        0  libinit2.o(.ARM.Collect$$libinit$$0000000C)
    .ARM.Collect$$libinit$$0000000E          0x000002ec   Section        0  libinit2.o(.ARM.Collect$$libinit$$0000000E)
    .ARM.Collect$$libinit$$00000011          0x000002ec   Section        0  libinit2.o(.ARM.Collect$$libinit$$00000011)
    .ARM.Collect$$libinit$$00000013          0x000002ec   Section        0  libinit2.o(.ARM.Collect$$libinit$$00000013)
    .ARM.Collect$$libinit$$00000015          0x000002ec   Section        0  libinit2.o(.ARM.Collect$$libinit$$00000015)
    .ARM.Collect$$libinit$$00000017          0x000002ec   Section        0  libinit2.o(.ARM.Collect$$libinit$$00000017)
    .ARM.Collect$$libinit$$00000019          0x000002ec   Section        0  libinit2.o(.ARM.Collect$$libinit$$00000019)
    .ARM.Collect$$libinit$$0000001B          0x000002ec   Section        0  libinit2.o(.ARM.Collect$$libinit$$0000001B)
    .ARM.Collect$$libinit$$0000001D          0x000002ec   Section        0  libinit2.o(.ARM.Collect$$libinit$$0000001D)
    .ARM.Collect$$libinit$$0000001F          0x000002ec   Section        0  libinit2.o(.ARM.Collect$$libinit$$0000001F)
    .ARM.Collect$$libinit$$00000021          0x000002ec   Section        0  libinit2.o(.ARM.Collect$$libinit$$00000021)
    .ARM.Collect$$libinit$$00000023          0x000002ec   Section        0  libinit2.o(.ARM.Collect$$libinit$$00000023)
    .ARM.Collect$$libinit$$00000025          0x000002ec   Section        0  libinit2.o(.ARM.Collect$$libinit$$00000025)
    .ARM.Collect$$libinit$$0000002C          0x000002ec   Section        0  libinit2.o(.ARM.Collect$$libinit$$0000002C)
    .ARM.Collect$$libinit$$0000002E          0x000002ec   Section        0  libinit2.o(.ARM.Collect$$libinit$$0000002E)
    .ARM.Collect$$libinit$$00000030          0x000002ec   Section        0  libinit2.o(.ARM.Collect$$libinit$$00000030)
    .ARM.Collect$$libinit$$00000032          0x000002ec   Section        0  libinit2.o(.ARM.Collect$$libinit$$00000032)
    .ARM.Collect$$libinit$$00000033          0x000002ec   Section        2  libinit2.o(.ARM.Collect$$libinit$$00000033)
    .ARM.Collect$$libshutdown$$00000000      0x000002ee   Section        2  libshutdown.o(.ARM.Collect$$libshutdown$$00000000)
    .ARM.Collect$$libshutdown$$00000002      0x000002f0   Section        0  libshutdown2.o(.ARM.Collect$$libshutdown$$00000002)
    .ARM.Collect$$libshutdown$$00000004      0x000002f0   Section        0  libshutdown2.o(.ARM.Collect$$libshutdown$$00000004)
    .ARM.Collect$$libshutdown$$00000007      0x000002f0   Section        0  libshutdown2.o(.ARM.Collect$$libshutdown$$00000007)
    .ARM.Collect$$libshutdown$$0000000A      0x000002f0   Section        0  libshutdown2.o(.ARM.Collect$$libshutdown$$0000000A)
    .ARM.Collect$$libshutdown$$0000000C      0x000002f0   Section        0  libshutdown2.o(.ARM.Collect$$libshutdown$$0000000C)
    .ARM.Collect$$libshutdown$$0000000F      0x000002f0   Section        0  libshutdown2.o(.ARM.Collect$$libshutdown$$0000000F)
    .ARM.Collect$$libshutdown$$00000010      0x000002f0   Section        2  libshutdown2.o(.ARM.Collect$$libshutdown$$00000010)
    .ARM.Collect$$rtentry$$00000000          0x000002f2   Section        0  __rtentry.o(.ARM.Collect$$rtentry$$00000000)
    .ARM.Collect$$rtentry$$00000002          0x000002f2   Section        0  __rtentry2.o(.ARM.Collect$$rtentry$$00000002)
    .ARM.Collect$$rtentry$$00000004          0x000002f2   Section        6  __rtentry4.o(.ARM.Collect$$rtentry$$00000004)
    .ARM.Collect$$rtentry$$00000009          0x000002f8   Section        0  __rtentry2.o(.ARM.Collect$$rtentry$$00000009)
    .ARM.Collect$$rtentry$$0000000A          0x000002f8   Section        4  __rtentry2.o(.ARM.Collect$$rtentry$$0000000A)
    .ARM.Collect$$rtentry$$0000000C          0x000002fc   Section        0  __rtentry2.o(.ARM.Collect$$rtentry$$0000000C)
    .ARM.Collect$$rtentry$$0000000D          0x000002fc   Section        8  __rtentry2.o(.ARM.Collect$$rtentry$$0000000D)
    .ARM.Collect$$rtexit$$00000000           0x00000304   Section        2  rtexit.o(.ARM.Collect$$rtexit$$00000000)
    .ARM.Collect$$rtexit$$00000002           0x00000306   Section        0  rtexit2.o(.ARM.Collect$$rtexit$$00000002)
    .ARM.Collect$$rtexit$$00000003           0x00000306   Section        4  rtexit2.o(.ARM.Collect$$rtexit$$00000003)
    .ARM.Collect$$rtexit$$00000004           0x0000030a   Section        6  rtexit2.o(.ARM.Collect$$rtexit$$00000004)
    .emb_text                                0x00000310   Section        6  sysctl.o(.emb_text)
    .text                                    0x00000318   Section       72  osasm.o(.text)
    .text                                    0x00000360   Section      292  startup_tm4c123.o(.text)
    .text                                    0x00000484   Section        0  noretval__2sprintf.o(.text)
    .text                                    0x000004ac   Section        0  __printf.o(.text)
    .text                                    0x00000514   Section        0  _printf_dec.o(.text)
    .text                                    0x0000058c   Section        0  heapauxi.o(.text)
    .text                                    0x00000592   Section        0  _printf_intcommon.o(.text)
    .text                                    0x00000644   Section        0  _printf_char_common.o(.text)
    _printf_input_char                       0x00000645   Thumb Code    10  _printf_char_common.o(.text)
    .text                                    0x00000674   Section        0  _sputc.o(.text)
    .text                                    0x0000067e   Section       74  sys_stackheap_outer.o(.text)
    .text                                    0x000006c8   Section        0  exit.o(.text)
    .text                                    0x000006dc   Section        8  libspace.o(.text)
    .text                                    0x000006e4   Section        0  sys_exit.o(.text)
    .text                                    0x000006f0   Section        2  use_no_semi.o(.text)
    .text                                    0x000006f2   Section        0  indicate_semi.o(.text)
    i.ADC0_INIT_SEQ1                         0x000006f4   Section        0  lab4.o(i.ADC0_INIT_SEQ1)
    i.ADC0_INIT_SEQ2                         0x00000774   Section        0  lab4.o(i.ADC0_INIT_SEQ2)
    i.ADC0_READ_SEQ1                         0x000007f4   Section        0  lab4.o(i.ADC0_READ_SEQ1)
    i.ADC0_READ_SEQ2                         0x0000083c   Section        0  lab4.o(i.ADC0_READ_SEQ2)
    i.ADCIntClear                            0x00000884   Section        0  adc.o(i.ADCIntClear)
    i.ADCIntStatus                           0x0000088c   Section        0  adc.o(i.ADCIntStatus)
    i.ADCProcessorTrigger                    0x000008c2   Section        0  adc.o(i.ADCProcessorTrigger)
    i.ADCSequenceConfigure                   0x000008da   Section        0  adc.o(i.ADCSequenceConfigure)
    i.ADCSequenceDataGet                     0x00000928   Section        0  adc.o(i.ADCSequenceDataGet)
    i.ADCSequenceDisable                     0x0000094a   Section        0  adc.o(i.ADCSequenceDisable)
    i.ADCSequenceEnable                      0x00000956   Section        0  adc.o(i.ADCSequenceEnable)
    i.ADCSequenceStepConfigure               0x00000962   Section        0  adc.o(i.ADCSequenceStepConfigure)
    i.BSP_Clock_GetFreq                      0x000009ec   Section        0  bsp.o(i.BSP_Clock_GetFreq)
    i.BSP_Clock_InitFastest                  0x000009f8   Section        0  bsp.o(i.BSP_Clock_InitFastest)
    i.BSP_PeriodicTask_Init                  0x00000a84   Section        0  bsp.o(i.BSP_PeriodicTask_Init)
    i.CMD_INTERPRETER                        0x00000b44   Section        0  lab4.o(i.CMD_INTERPRETER)
    i.FRONT_WALL_TURN                        0x00000bc0   Section        0  lab4.o(i.FRONT_WALL_TURN)
    i.GPIOA_INIT                             0x00000c3c   Section        0  lab4.o(i.GPIOA_INIT)
    i.GPIODirModeSet                         0x00000c6c   Section        0  gpio.o(i.GPIODirModeSet)
    i.GPIOPadConfigSet                       0x00000c9e   Section        0  gpio.o(i.GPIOPadConfigSet)
    i.GPIOPinConfigure                       0x00000df4   Section        0  gpio.o(i.GPIOPinConfigure)
    i.GPIOPinTypeADC                         0x00000e44   Section        0  gpio.o(i.GPIOPinTypeADC)
    i.GPIOPinTypeGPIOOutput                  0x00000e62   Section        0  gpio.o(i.GPIOPinTypeGPIOOutput)
    i.GPIOPinTypePWM                         0x00000e80   Section        0  gpio.o(i.GPIOPinTypePWM)
    i.GPIOPinTypeUART                        0x00000e9e   Section        0  gpio.o(i.GPIOPinTypeUART)
    i.GPIOPinWrite                           0x00000ebc   Section        0  gpio.o(i.GPIOPinWrite)
    i.MOTOR_DIR                              0x00000ec6   Section        0  lab4.o(i.MOTOR_DIR)
    i.MOTOR_START                            0x00000f20   Section        0  lab4.o(i.MOTOR_START)
    i.MOTOR_STOP                             0x00000f88   Section        0  lab4.o(i.MOTOR_STOP)
    i.OS_AddPeriodicEventThread              0x00000fb4   Section        0  os.o(i.OS_AddPeriodicEventThread)
    i.OS_AddThreads                          0x00001004   Section        0  os.o(i.OS_AddThreads)
    i.OS_Init                                0x00001154   Section        0  os.o(i.OS_Init)
    i.OS_Launch                              0x00001178   Section        0  os.o(i.OS_Launch)
    i.PWM1_INIT                              0x000011ac   Section        0  lab4.o(i.PWM1_INIT)
    i.PWMGenConfigure                        0x00001248   Section        0  pwm.o(i.PWMGenConfigure)
    i.PWMGenDisable                          0x00001278   Section        0  pwm.o(i.PWMGenDisable)
    i.PWMGenEnable                           0x00001282   Section        0  pwm.o(i.PWMGenEnable)
    i.PWMGenPeriodSet                        0x0000128c   Section        0  pwm.o(i.PWMGenPeriodSet)
    i.PWMOutputState                         0x000012a2   Section        0  pwm.o(i.PWMOutputState)
    i.PWMPulseWidthSet                       0x000012b6   Section        0  pwm.o(i.PWMPulseWidthSet)
    i.RIGHT_WALL_ADJUST                      0x000012dc   Section        0  lab4.o(i.RIGHT_WALL_ADJUST)
    i.Scheduler                              0x00001554   Section        0  os.o(i.Scheduler)
    i.SetInitialStack                        0x00001584   Section        0  os.o(i.SetInitialStack)
    i.SysCtlClockGet                         0x000016c0   Section        0  sysctl.o(i.SysCtlClockGet)
    i.SysCtlPWMClockSet                      0x0000182c   Section        0  sysctl.o(i.SysCtlPWMClockSet)
    i.SysCtlPeripheralEnable                 0x00001840   Section        0  sysctl.o(i.SysCtlPeripheralEnable)
    i.SysCtlPeripheralReady                  0x00001874   Section        0  sysctl.o(i.SysCtlPeripheralReady)
    i.Task0                                  0x000018ac   Section        0  lab4.o(i.Task0)
    i.Task1                                  0x000018b0   Section        0  lab4.o(i.Task1)
    i.Task2                                  0x000018b4   Section        0  lab4.o(i.Task2)
    i.Task3                                  0x000018b8   Section        0  lab4.o(i.Task3)
    i.Task4                                  0x000018bc   Section        0  lab4.o(i.Task4)
    i.Task5                                  0x000018c0   Section        0  lab4.o(i.Task5)
    i.Task6                                  0x000018c4   Section        0  lab4.o(i.Task6)
    i.UART1_INIT                             0x000018c8   Section        0  lab4.o(i.UART1_INIT)
    i.UART1_READ                             0x00001918   Section        0  lab4.o(i.UART1_READ)
    i.UART1_WRITE                            0x00001970   Section        0  lab4.o(i.UART1_WRITE)
    i.UARTCharGet                            0x000019a4   Section        0  uart.o(i.UARTCharGet)
    i.UARTCharGetNonBlocking                 0x000019b6   Section        0  uart.o(i.UARTCharGetNonBlocking)
    i.UARTCharPut                            0x000019ca   Section        0  uart.o(i.UARTCharPut)
    i.UARTCharsAvail                         0x000019da   Section        0  uart.o(i.UARTCharsAvail)
    i.UARTConfigSetExpClk                    0x000019e6   Section        0  uart.o(i.UARTConfigSetExpClk)
    i.UARTDisable                            0x00001a32   Section        0  uart.o(i.UARTDisable)
    i.UARTEnable                             0x00001a52   Section        0  uart.o(i.UARTEnable)
    i.USER_COMM                              0x00001a68   Section        0  lab4.o(i.USER_COMM)
    i.WideTimer3A_Handler                    0x00001a94   Section        0  bsp.o(i.WideTimer3A_Handler)
    i.WideTimer4A_Handler                    0x00001aac   Section        0  bsp.o(i.WideTimer4A_Handler)
    i.WideTimer5A_Handler                    0x00001ac4   Section        0  bsp.o(i.WideTimer5A_Handler)
    i.main                                   0x00001adc   Section        0  lab4.o(i.main)
    i.runperiodicevents                      0x00001b7c   Section        0  os.o(i.runperiodicevents)
    runperiodicevents                        0x00001b7d   Thumb Code   140  os.o(i.runperiodicevents)
    x$fpl$dfix                               0x00001c14   Section       94  dfix.o(x$fpl$dfix)
    x$fpl$dflt                               0x00001c72   Section       46  dflt_clz.o(x$fpl$dflt)
    x$fpl$dmul                               0x00001ca0   Section      340  dmul.o(x$fpl$dmul)
    x$fpl$dnaninf                            0x00001df4   Section      156  dnaninf.o(x$fpl$dnaninf)
    x$fpl$dretinf                            0x00001e90   Section       12  dretinf.o(x$fpl$dretinf)
    x$fpl$fadd                               0x00001e9c   Section      196  faddsub_clz.o(x$fpl$fadd)
    _fadd1                                   0x00001eab   Thumb Code     0  faddsub_clz.o(x$fpl$fadd)
    x$fpl$ffix                               0x00001f60   Section       54  ffix.o(x$fpl$ffix)
    x$fpl$fflt                               0x00001f98   Section       48  fflt_clz.o(x$fpl$fflt)
    x$fpl$fmul                               0x00001fc8   Section      258  fmul.o(x$fpl$fmul)
    x$fpl$fnaninf                            0x000020ca   Section      140  fnaninf.o(x$fpl$fnaninf)
    x$fpl$fretinf                            0x00002156   Section       10  fretinf.o(x$fpl$fretinf)
    x$fpl$fsub                               0x00002160   Section      234  faddsub_clz.o(x$fpl$fsub)
    _fsub1                                   0x0000216f   Thumb Code     0  faddsub_clz.o(x$fpl$fsub)
    x$fpl$usenofp                            0x0000224a   Section        0  usenofp.o(x$fpl$usenofp)
    .constdata                               0x0000224c   Section      552  gpio.o(.constdata)
    g_ppui32GPIOIntMapBlizzard               0x0000224c   Data         192  gpio.o(.constdata)
    g_ppui32GPIOIntMapSnowflake              0x0000230c   Data         216  gpio.o(.constdata)
    g_pui32GPIOBaseAddrs                     0x000023e4   Data         144  gpio.o(.constdata)
    .constdata                               0x00002474   Section      596  sysctl.o(.constdata)
    g_pui32Xtals                             0x00002474   Data         108  sysctl.o(.constdata)
    g_pppui32XTALtoVCO                       0x000024e0   Data         432  sysctl.o(.constdata)
    g_sXTALtoMEMTIM                          0x00002690   Data          48  sysctl.o(.constdata)
    g_pui32VCOFrequencies                    0x000026c0   Data           8  sysctl.o(.constdata)
    .data                                    0x20000000   Section        8  lab4.o(.data)
    previousError                            0x20000004   Data           4  lab4.o(.data)
    .data                                    0x20000008   Section       24  os.o(.data)
    .data                                    0x20000020   Section       68  bsp.o(.data)
    ClockFrequency                           0x20000020   Data           4  bsp.o(.data)
    PWMCycles                                0x20000024   Data           2  bsp.o(.data)
    ColStart                                 0x20000032   Data           1  bsp.o(.data)
    RowStart                                 0x20000033   Data           1  bsp.o(.data)
    _width                                   0x20000034   Data           2  bsp.o(.data)
    _height                                  0x20000036   Data           2  bsp.o(.data)
    .bss                                     0x20000064   Section       40  lab4.o(.bss)
    data                                     0x20000064   Data          20  lab4.o(.bss)
    data                                     0x20000078   Data          20  lab4.o(.bss)
    .bss                                     0x2000008c   Section     3424  os.o(.bss)
    .bss                                     0x20000dec   Section       96  libspace.o(.bss)
    HEAP                                     0x20000e50   Section        0  startup_tm4c123.o(HEAP)
    STACK                                    0x20000e50   Section      512  startup_tm4c123.o(STACK)
    Heap_Mem                                 0x20000e50   Data           0  startup_tm4c123.o(HEAP)
    Stack_Mem                                0x20000e50   Data         512  startup_tm4c123.o(STACK)
    __initial_sp                             0x20001050   Data           0  startup_tm4c123.o(STACK)

    Global Symbols

    Symbol Name                              Value     Ov Type        Size  Object(Section)

    BuildAttributes$$THM_ISAv4$E$P$D$K$B$S$7EM$PE$A:L22UL41UL21$X:L11$S22US41US21$IEEE1$IW$USESV6$~STKCKD$USESV7$~SHL$OSPACE$ROPI$EBA8$UX$STANDARDLIB$REQ8$PRES8$EABIv2 0x00000000   Number         0  anon$$obj.o ABSOLUTE
    __ARM_use_no_argv                        0x00000000   Number         0  lab4.o ABSOLUTE
    __Vectors                                0x00000000   Data           4  startup_tm4c123.o(RESET)
    __ARM_exceptions_init                     - Undefined Weak Reference
    __alloca_initialize                       - Undefined Weak Reference
    __arm_preinit_                            - Undefined Weak Reference
    __cpp_initialize__aeabi_                  - Undefined Weak Reference
    __cxa_finalize                            - Undefined Weak Reference
    __rt_locale                               - Undefined Weak Reference
    __sigvec_lookup                           - Undefined Weak Reference
    _atexit_init                              - Undefined Weak Reference
    _call_atexit_fns                          - Undefined Weak Reference
    _clock_init                               - Undefined Weak Reference
    _fp_trap_init                             - Undefined Weak Reference
    _fp_trap_shutdown                         - Undefined Weak Reference
    _get_lc_collate                           - Undefined Weak Reference
    _get_lc_ctype                             - Undefined Weak Reference
    _get_lc_monetary                          - Undefined Weak Reference
    _get_lc_numeric                           - Undefined Weak Reference
    _get_lc_time                              - Undefined Weak Reference
    _getenv_init                              - Undefined Weak Reference
    _handle_redirection                       - Undefined Weak Reference
    _init_alloc                               - Undefined Weak Reference
    _init_user_alloc                          - Undefined Weak Reference
    _initio                                   - Undefined Weak Reference
    _printf_post_padding                      - Undefined Weak Reference
    _printf_pre_padding                       - Undefined Weak Reference
    _printf_truncate_signed                   - Undefined Weak Reference
    _printf_truncate_unsigned                 - Undefined Weak Reference
    _rand_init                                - Undefined Weak Reference
    _signal_finish                            - Undefined Weak Reference
    _signal_init                              - Undefined Weak Reference
    _terminate_alloc                          - Undefined Weak Reference
    _terminate_user_alloc                     - Undefined Weak Reference
    _terminateio                              - Undefined Weak Reference
    __Vectors_End                            0x0000026c   Data           0  startup_tm4c123.o(RESET)
    __Vectors_Size                           0x0000026c   Number         0  startup_tm4c123.o ABSOLUTE
    __main                                   0x0000026d   Thumb Code     8  __main.o(!!!main)
    __scatterload                            0x00000275   Thumb Code     0  __scatter.o(!!!scatter)
    __scatterload_rt2                        0x00000275   Thumb Code    44  __scatter.o(!!!scatter)
    __scatterload_rt2_thumb_only             0x00000275   Thumb Code     0  __scatter.o(!!!scatter)
    __scatterload_null                       0x00000283   Thumb Code     0  __scatter.o(!!!scatter)
    __scatterload_copy                       0x000002a9   Thumb Code    26  __scatter_copy.o(!!handler_copy)
    __scatterload_zeroinit                   0x000002c5   Thumb Code    28  __scatter_zi.o(!!handler_zi)
    _printf_d                                0x000002e1   Thumb Code     0  _printf_d.o(.ARM.Collect$$_printf_percent$$00000009)
    _printf_percent                          0x000002e1   Thumb Code     0  _printf_percent.o(.ARM.Collect$$_printf_percent$$00000000)
    _printf_percent_end                      0x000002e7   Thumb Code     0  _printf_percent_end.o(.ARM.Collect$$_printf_percent$$00000017)
    __rt_lib_init                            0x000002eb   Thumb Code     0  libinit.o(.ARM.Collect$$libinit$$00000000)
    __rt_lib_init_alloca_1                   0x000002ed   Thumb Code     0  libinit2.o(.ARM.Collect$$libinit$$0000002E)
    __rt_lib_init_argv_1                     0x000002ed   Thumb Code     0  libinit2.o(.ARM.Collect$$libinit$$0000002C)
    __rt_lib_init_atexit_1                   0x000002ed   Thumb Code     0  libinit2.o(.ARM.Collect$$libinit$$0000001B)
    __rt_lib_init_clock_1                    0x000002ed   Thumb Code     0  libinit2.o(.ARM.Collect$$libinit$$00000021)
    __rt_lib_init_cpp_1                      0x000002ed   Thumb Code     0  libinit2.o(.ARM.Collect$$libinit$$00000032)
    __rt_lib_init_exceptions_1               0x000002ed   Thumb Code     0  libinit2.o(.ARM.Collect$$libinit$$00000030)
    __rt_lib_init_fp_1                       0x000002ed   Thumb Code     0  libinit2.o(.ARM.Collect$$libinit$$00000002)
    __rt_lib_init_fp_trap_1                  0x000002ed   Thumb Code     0  libinit2.o(.ARM.Collect$$libinit$$0000001F)
    __rt_lib_init_getenv_1                   0x000002ed   Thumb Code     0  libinit2.o(.ARM.Collect$$libinit$$00000023)
    __rt_lib_init_heap_1                     0x000002ed   Thumb Code     0  libinit2.o(.ARM.Collect$$libinit$$0000000A)
    __rt_lib_init_lc_collate_1               0x000002ed   Thumb Code     0  libinit2.o(.ARM.Collect$$libinit$$00000011)
    __rt_lib_init_lc_ctype_1                 0x000002ed   Thumb Code     0  libinit2.o(.ARM.Collect$$libinit$$00000013)
    __rt_lib_init_lc_monetary_1              0x000002ed   Thumb Code     0  libinit2.o(.ARM.Collect$$libinit$$00000015)
    __rt_lib_init_lc_numeric_1               0x000002ed   Thumb Code     0  libinit2.o(.ARM.Collect$$libinit$$00000017)
    __rt_lib_init_lc_time_1                  0x000002ed   Thumb Code     0  libinit2.o(.ARM.Collect$$libinit$$00000019)
    __rt_lib_init_preinit_1                  0x000002ed   Thumb Code     0  libinit2.o(.ARM.Collect$$libinit$$00000004)
    __rt_lib_init_rand_1                     0x000002ed   Thumb Code     0  libinit2.o(.ARM.Collect$$libinit$$0000000E)
    __rt_lib_init_return                     0x000002ed   Thumb Code     0  libinit2.o(.ARM.Collect$$libinit$$00000033)
    __rt_lib_init_signal_1                   0x000002ed   Thumb Code     0  libinit2.o(.ARM.Collect$$libinit$$0000001D)
    __rt_lib_init_stdio_1                    0x000002ed   Thumb Code     0  libinit2.o(.ARM.Collect$$libinit$$00000025)
    __rt_lib_init_user_alloc_1               0x000002ed   Thumb Code     0  libinit2.o(.ARM.Collect$$libinit$$0000000C)
    __rt_lib_shutdown                        0x000002ef   Thumb Code     0  libshutdown.o(.ARM.Collect$$libshutdown$$00000000)
    __rt_lib_shutdown_cpp_1                  0x000002f1   Thumb Code     0  libshutdown2.o(.ARM.Collect$$libshutdown$$00000002)
    __rt_lib_shutdown_fp_trap_1              0x000002f1   Thumb Code     0  libshutdown2.o(.ARM.Collect$$libshutdown$$00000007)
    __rt_lib_shutdown_heap_1                 0x000002f1   Thumb Code     0  libshutdown2.o(.ARM.Collect$$libshutdown$$0000000F)
    __rt_lib_shutdown_return                 0x000002f1   Thumb Code     0  libshutdown2.o(.ARM.Collect$$libshutdown$$00000010)
    __rt_lib_shutdown_signal_1               0x000002f1   Thumb Code     0  libshutdown2.o(.ARM.Collect$$libshutdown$$0000000A)
    __rt_lib_shutdown_stdio_1                0x000002f1   Thumb Code     0  libshutdown2.o(.ARM.Collect$$libshutdown$$00000004)
    __rt_lib_shutdown_user_alloc_1           0x000002f1   Thumb Code     0  libshutdown2.o(.ARM.Collect$$libshutdown$$0000000C)
    __rt_entry                               0x000002f3   Thumb Code     0  __rtentry.o(.ARM.Collect$$rtentry$$00000000)
    __rt_entry_presh_1                       0x000002f3   Thumb Code     0  __rtentry2.o(.ARM.Collect$$rtentry$$00000002)
    __rt_entry_sh                            0x000002f3   Thumb Code     0  __rtentry4.o(.ARM.Collect$$rtentry$$00000004)
    __rt_entry_li                            0x000002f9   Thumb Code     0  __rtentry2.o(.ARM.Collect$$rtentry$$0000000A)
    __rt_entry_postsh_1                      0x000002f9   Thumb Code     0  __rtentry2.o(.ARM.Collect$$rtentry$$00000009)
    __rt_entry_main                          0x000002fd   Thumb Code     0  __rtentry2.o(.ARM.Collect$$rtentry$$0000000D)
    __rt_entry_postli_1                      0x000002fd   Thumb Code     0  __rtentry2.o(.ARM.Collect$$rtentry$$0000000C)
    __rt_exit                                0x00000305   Thumb Code     0  rtexit.o(.ARM.Collect$$rtexit$$00000000)
    __rt_exit_ls                             0x00000307   Thumb Code     0  rtexit2.o(.ARM.Collect$$rtexit$$00000003)
    __rt_exit_prels_1                        0x00000307   Thumb Code     0  rtexit2.o(.ARM.Collect$$rtexit$$00000002)
    __rt_exit_exit                           0x0000030b   Thumb Code     0  rtexit2.o(.ARM.Collect$$rtexit$$00000004)
    SysCtlDelay                              0x00000311   Thumb Code     6  sysctl.o(.emb_text)
    SysTick_Handler                          0x00000319   Thumb Code     0  osasm.o(.text)
    StartOS                                  0x0000033f   Thumb Code     0  osasm.o(.text)
    Reset_Handler                            0x00000361   Thumb Code     4  startup_tm4c123.o(.text)
    NMI_Handler                              0x00000365   Thumb Code     2  startup_tm4c123.o(.text)
    HardFault_Handler                        0x00000367   Thumb Code     2  startup_tm4c123.o(.text)
    MemManage_Handler                        0x00000369   Thumb Code     2  startup_tm4c123.o(.text)
    BusFault_Handler                         0x0000036b   Thumb Code     2  startup_tm4c123.o(.text)
    UsageFault_Handler                       0x0000036d   Thumb Code     2  startup_tm4c123.o(.text)
    SVC_Handler                              0x0000036f   Thumb Code     2  startup_tm4c123.o(.text)
    DebugMon_Handler                         0x00000371   Thumb Code     2  startup_tm4c123.o(.text)
    PendSV_Handler                           0x00000373   Thumb Code     2  startup_tm4c123.o(.text)
    GPIOPortA_Handler                        0x00000377   Thumb Code     2  startup_tm4c123.o(.text)
    GPIOPortB_Handler                        0x00000379   Thumb Code     2  startup_tm4c123.o(.text)
    GPIOPortC_Handler                        0x0000037b   Thumb Code     2  startup_tm4c123.o(.text)
    GPIOPortD_Handler                        0x0000037d   Thumb Code     2  startup_tm4c123.o(.text)
    GPIOPortE_Handler                        0x0000037f   Thumb Code     2  startup_tm4c123.o(.text)
    UART0_Handler                            0x00000381   Thumb Code     2  startup_tm4c123.o(.text)
    UART1_Handler                            0x00000383   Thumb Code     2  startup_tm4c123.o(.text)
    SSI0_Handler                             0x00000385   Thumb Code     2  startup_tm4c123.o(.text)
    I2C0_Handler                             0x00000387   Thumb Code     2  startup_tm4c123.o(.text)
    PMW0_FAULT_Handler                       0x00000389   Thumb Code     2  startup_tm4c123.o(.text)
    PWM0Generator0_Handler                   0x0000038b   Thumb Code     2  startup_tm4c123.o(.text)
    PWM0Generator1_Handler                   0x0000038d   Thumb Code     2  startup_tm4c123.o(.text)
    PWM0Generator2_Handler                   0x0000038f   Thumb Code     2  startup_tm4c123.o(.text)
    Quadrature0_Handler                      0x00000391   Thumb Code     2  startup_tm4c123.o(.text)
    ADC0Seq0_Handler                         0x00000393   Thumb Code     2  startup_tm4c123.o(.text)
    ADC0Seq1_Handler                         0x00000395   Thumb Code     2  startup_tm4c123.o(.text)
    ADC0Seq2_Handler                         0x00000397   Thumb Code     2  startup_tm4c123.o(.text)
    ADC0Seq3_Handler                         0x00000399   Thumb Code     2  startup_tm4c123.o(.text)
    WDT_Handler                              0x0000039b   Thumb Code     2  startup_tm4c123.o(.text)
    TIMER0A_Handler                          0x0000039d   Thumb Code     2  startup_tm4c123.o(.text)
    TIMER0B_Handler                          0x0000039f   Thumb Code     2  startup_tm4c123.o(.text)
    TIMER1A_Handler                          0x000003a1   Thumb Code     2  startup_tm4c123.o(.text)
    TIMER1B_Handler                          0x000003a3   Thumb Code     2  startup_tm4c123.o(.text)
    TIMER2A_Handler                          0x000003a5   Thumb Code     2  startup_tm4c123.o(.text)
    TIMER2B_Handler                          0x000003a7   Thumb Code     2  startup_tm4c123.o(.text)
    COMP0_Handler                            0x000003a9   Thumb Code     2  startup_tm4c123.o(.text)
    COMP1_Handler                            0x000003ab   Thumb Code     2  startup_tm4c123.o(.text)
    COMP2_Handler                            0x000003ad   Thumb Code     2  startup_tm4c123.o(.text)
    SYSCTL_Handler                           0x000003af   Thumb Code     2  startup_tm4c123.o(.text)
    FlashCtl_Handler                         0x000003b1   Thumb Code     2  startup_tm4c123.o(.text)
    GPIOPortF_Handler                        0x000003b3   Thumb Code     2  startup_tm4c123.o(.text)
    GPIOPortG_Handler                        0x000003b5   Thumb Code     2  startup_tm4c123.o(.text)
    GPIOPortH_Handler                        0x000003b7   Thumb Code     2  startup_tm4c123.o(.text)
    UART2_Handler                            0x000003b9   Thumb Code     2  startup_tm4c123.o(.text)
    SSI1_Handler                             0x000003bb   Thumb Code     2  startup_tm4c123.o(.text)
    TIMER3A_Handler                          0x000003bd   Thumb Code     2  startup_tm4c123.o(.text)
    TIMER3B_Handler                          0x000003bf   Thumb Code     2  startup_tm4c123.o(.text)
    I2C1_Handler                             0x000003c1   Thumb Code     2  startup_tm4c123.o(.text)
    Quadrature1_Handler                      0x000003c3   Thumb Code     2  startup_tm4c123.o(.text)
    CAN0_Handler                             0x000003c5   Thumb Code     2  startup_tm4c123.o(.text)
    CAN1_Handler                             0x000003c7   Thumb Code     2  startup_tm4c123.o(.text)
    CAN2_Handler                             0x000003c9   Thumb Code     2  startup_tm4c123.o(.text)
    Hibernate_Handler                        0x000003cb   Thumb Code     2  startup_tm4c123.o(.text)
    USB0_Handler                             0x000003cd   Thumb Code     2  startup_tm4c123.o(.text)
    PWM0Generator3_Handler                   0x000003cf   Thumb Code     2  startup_tm4c123.o(.text)
    UDMA_Handler                             0x000003d1   Thumb Code     2  startup_tm4c123.o(.text)
    UDMAERR_Handler                          0x000003d3   Thumb Code     2  startup_tm4c123.o(.text)
    ADC1Seq0_Handler                         0x000003d5   Thumb Code     2  startup_tm4c123.o(.text)
    ADC1Seq1_Handler                         0x000003d7   Thumb Code     2  startup_tm4c123.o(.text)
    ADC1Seq2_Handler                         0x000003d9   Thumb Code     2  startup_tm4c123.o(.text)
    ADC1Seq3_Handler                         0x000003db   Thumb Code     2  startup_tm4c123.o(.text)
    GPIOPortJ_Handler                        0x000003dd   Thumb Code     2  startup_tm4c123.o(.text)
    GPIOPortK_Handler                        0x000003df   Thumb Code     2  startup_tm4c123.o(.text)
    GPIOPortL_Handler                        0x000003e1   Thumb Code     2  startup_tm4c123.o(.text)
    SSI2_Handler                             0x000003e3   Thumb Code     2  startup_tm4c123.o(.text)
    SSI3_Handler                             0x000003e5   Thumb Code     2  startup_tm4c123.o(.text)
    UART3_Handler                            0x000003e7   Thumb Code     2  startup_tm4c123.o(.text)
    UART4_Handler                            0x000003e9   Thumb Code     2  startup_tm4c123.o(.text)
    UART5_Handler                            0x000003eb   Thumb Code     2  startup_tm4c123.o(.text)
    UART6_Handler                            0x000003ed   Thumb Code     2  startup_tm4c123.o(.text)
    UART7_Handler                            0x000003ef   Thumb Code     2  startup_tm4c123.o(.text)
    I2C2_Handler                             0x000003f1   Thumb Code     2  startup_tm4c123.o(.text)
    I2C3_Handler                             0x000003f3   Thumb Code     2  startup_tm4c123.o(.text)
    TIMER4A_Handler                          0x000003f5   Thumb Code     2  startup_tm4c123.o(.text)
    TIMER4B_Handler                          0x000003f7   Thumb Code     2  startup_tm4c123.o(.text)
    TIMER5A_Handler                          0x000003f9   Thumb Code     2  startup_tm4c123.o(.text)
    TIMER5B_Handler                          0x000003fb   Thumb Code     2  startup_tm4c123.o(.text)
    WideTimer0A_Handler                      0x000003fd   Thumb Code     2  startup_tm4c123.o(.text)
    WideTimer0B_Handler                      0x000003ff   Thumb Code     2  startup_tm4c123.o(.text)
    WideTimer1A_Handler                      0x00000401   Thumb Code     2  startup_tm4c123.o(.text)
    WideTimer1B_Handler                      0x00000403   Thumb Code     2  startup_tm4c123.o(.text)
    WideTimer2A_Handler                      0x00000405   Thumb Code     2  startup_tm4c123.o(.text)
    WideTimer2B_Handler                      0x00000407   Thumb Code     2  startup_tm4c123.o(.text)
    WideTimer3B_Handler                      0x0000040b   Thumb Code     2  startup_tm4c123.o(.text)
    WideTimer4B_Handler                      0x0000040f   Thumb Code     2  startup_tm4c123.o(.text)
    WideTimer5B_Handler                      0x00000413   Thumb Code     2  startup_tm4c123.o(.text)
    FPU_Handler                              0x00000415   Thumb Code     2  startup_tm4c123.o(.text)
    I2C4_Handler                             0x00000417   Thumb Code     2  startup_tm4c123.o(.text)
    I2C5_Handler                             0x00000419   Thumb Code     2  startup_tm4c123.o(.text)
    GPIOPortM_Handler                        0x0000041b   Thumb Code     2  startup_tm4c123.o(.text)
    GPIOPortN_Handler                        0x0000041d   Thumb Code     2  startup_tm4c123.o(.text)
    QEI2_Handler                             0x0000041f   Thumb Code     2  startup_tm4c123.o(.text)
    GPIOPortP0_Handler                       0x00000421   Thumb Code     2  startup_tm4c123.o(.text)
    GPIOPortP1_Handler                       0x00000423   Thumb Code     2  startup_tm4c123.o(.text)
    GPIOPortP2_Handler                       0x00000425   Thumb Code     2  startup_tm4c123.o(.text)
    GPIOPortP3_Handler                       0x00000427   Thumb Code     2  startup_tm4c123.o(.text)
    GPIOPortP4_Handler                       0x00000429   Thumb Code     2  startup_tm4c123.o(.text)
    GPIOPortP5_Handler                       0x0000042b   Thumb Code     2  startup_tm4c123.o(.text)
    GPIOPortP6_Handler                       0x0000042d   Thumb Code     2  startup_tm4c123.o(.text)
    GPIOPortP7_Handler                       0x0000042f   Thumb Code     2  startup_tm4c123.o(.text)
    GPIOPortQ0_Handler                       0x00000431   Thumb Code     2  startup_tm4c123.o(.text)
    GPIOPortQ1_Handler                       0x00000433   Thumb Code     2  startup_tm4c123.o(.text)
    GPIOPortQ2_Handler                       0x00000435   Thumb Code     2  startup_tm4c123.o(.text)
    GPIOPortQ3_Handler                       0x00000437   Thumb Code     2  startup_tm4c123.o(.text)
    GPIOPortQ4_Handler                       0x00000439   Thumb Code     2  startup_tm4c123.o(.text)
    GPIOPortQ5_Handler                       0x0000043b   Thumb Code     2  startup_tm4c123.o(.text)
    GPIOPortQ6_Handler                       0x0000043d   Thumb Code     2  startup_tm4c123.o(.text)
    GPIOPortQ7_Handler                       0x0000043f   Thumb Code     2  startup_tm4c123.o(.text)
    GPIOPortR_Handler                        0x00000441   Thumb Code     2  startup_tm4c123.o(.text)
    GPIOPortS_Handler                        0x00000443   Thumb Code     2  startup_tm4c123.o(.text)
    PWM1Generator0_Handler                   0x00000445   Thumb Code     2  startup_tm4c123.o(.text)
    PWM1Generator1_Handler                   0x00000447   Thumb Code     2  startup_tm4c123.o(.text)
    PWM1Generator2_Handler                   0x00000449   Thumb Code     2  startup_tm4c123.o(.text)
    PWM1Generator3_Handler                   0x0000044b   Thumb Code     2  startup_tm4c123.o(.text)
    PWM1Fault_Handler                        0x0000044d   Thumb Code     2  startup_tm4c123.o(.text)
    DisableInterrupts                        0x00000455   Thumb Code     0  startup_tm4c123.o(.text)
    EnableInterrupts                         0x00000459   Thumb Code     0  startup_tm4c123.o(.text)
    StartCritical                            0x0000045d   Thumb Code     0  startup_tm4c123.o(.text)
    EndCritical                              0x00000465   Thumb Code     0  startup_tm4c123.o(.text)
    WaitForInterrupt                         0x0000046b   Thumb Code     0  startup_tm4c123.o(.text)
    __user_initial_stackheap                 0x0000046f   Thumb Code     0  startup_tm4c123.o(.text)
    __2sprintf                               0x00000485   Thumb Code    34  noretval__2sprintf.o(.text)
    __printf                                 0x000004ad   Thumb Code   104  __printf.o(.text)
    _printf_int_dec                          0x00000515   Thumb Code   104  _printf_dec.o(.text)
    __use_two_region_memory                  0x0000058d   Thumb Code     2  heapauxi.o(.text)
    __rt_heap_escrow$2region                 0x0000058f   Thumb Code     2  heapauxi.o(.text)
    __rt_heap_expand$2region                 0x00000591   Thumb Code     2  heapauxi.o(.text)
    _printf_int_common                       0x00000593   Thumb Code   178  _printf_intcommon.o(.text)
    _printf_char_common                      0x0000064f   Thumb Code    32  _printf_char_common.o(.text)
    _sputc                                   0x00000675   Thumb Code    10  _sputc.o(.text)
    __user_setup_stackheap                   0x0000067f   Thumb Code    74  sys_stackheap_outer.o(.text)
    exit                                     0x000006c9   Thumb Code    18  exit.o(.text)
    __user_libspace                          0x000006dd   Thumb Code     8  libspace.o(.text)
    __user_perproc_libspace                  0x000006dd   Thumb Code     0  libspace.o(.text)
    __user_perthread_libspace                0x000006dd   Thumb Code     0  libspace.o(.text)
    _sys_exit                                0x000006e5   Thumb Code     8  sys_exit.o(.text)
    __I$use$semihosting                      0x000006f1   Thumb Code     0  use_no_semi.o(.text)
    __use_no_semihosting_swi                 0x000006f1   Thumb Code     2  use_no_semi.o(.text)
    __semihosting_library_function           0x000006f3   Thumb Code     0  indicate_semi.o(.text)
    ADC0_INIT_SEQ1                           0x000006f5   Thumb Code   112  lab4.o(i.ADC0_INIT_SEQ1)
    ADC0_INIT_SEQ2                           0x00000775   Thumb Code   112  lab4.o(i.ADC0_INIT_SEQ2)
    ADC0_READ_SEQ1                           0x000007f5   Thumb Code    66  lab4.o(i.ADC0_READ_SEQ1)
    ADC0_READ_SEQ2                           0x0000083d   Thumb Code    66  lab4.o(i.ADC0_READ_SEQ2)
    ADCIntClear                              0x00000885   Thumb Code     8  adc.o(i.ADCIntClear)
    ADCIntStatus                             0x0000088d   Thumb Code    54  adc.o(i.ADCIntStatus)
    ADCProcessorTrigger                      0x000008c3   Thumb Code    24  adc.o(i.ADCProcessorTrigger)
    ADCSequenceConfigure                     0x000008db   Thumb Code    78  adc.o(i.ADCSequenceConfigure)
    ADCSequenceDataGet                       0x00000929   Thumb Code    34  adc.o(i.ADCSequenceDataGet)
    ADCSequenceDisable                       0x0000094b   Thumb Code    12  adc.o(i.ADCSequenceDisable)
    ADCSequenceEnable                        0x00000957   Thumb Code    12  adc.o(i.ADCSequenceEnable)
    ADCSequenceStepConfigure                 0x00000963   Thumb Code   136  adc.o(i.ADCSequenceStepConfigure)
    BSP_Clock_GetFreq                        0x000009ed   Thumb Code     6  bsp.o(i.BSP_Clock_GetFreq)
    BSP_Clock_InitFastest                    0x000009f9   Thumb Code   126  bsp.o(i.BSP_Clock_InitFastest)
    BSP_PeriodicTask_Init                    0x00000a85   Thumb Code   162  bsp.o(i.BSP_PeriodicTask_Init)
    CMD_INTERPRETER                          0x00000b45   Thumb Code    88  lab4.o(i.CMD_INTERPRETER)
    FRONT_WALL_TURN                          0x00000bc1   Thumb Code   120  lab4.o(i.FRONT_WALL_TURN)
    GPIOA_INIT                               0x00000c3d   Thumb Code    44  lab4.o(i.GPIOA_INIT)
    GPIODirModeSet                           0x00000c6d   Thumb Code    50  gpio.o(i.GPIODirModeSet)
    GPIOPadConfigSet                         0x00000c9f   Thumb Code   342  gpio.o(i.GPIOPadConfigSet)
    GPIOPinConfigure                         0x00000df5   Thumb Code    70  gpio.o(i.GPIOPinConfigure)
    GPIOPinTypeADC                           0x00000e45   Thumb Code    30  gpio.o(i.GPIOPinTypeADC)
    GPIOPinTypeGPIOOutput                    0x00000e63   Thumb Code    30  gpio.o(i.GPIOPinTypeGPIOOutput)
    GPIOPinTypePWM                           0x00000e81   Thumb Code    30  gpio.o(i.GPIOPinTypePWM)
    GPIOPinTypeUART                          0x00000e9f   Thumb Code    30  gpio.o(i.GPIOPinTypeUART)
    GPIOPinWrite                             0x00000ebd   Thumb Code    10  gpio.o(i.GPIOPinWrite)
    MOTOR_DIR                                0x00000ec7   Thumb Code    90  lab4.o(i.MOTOR_DIR)
    MOTOR_START                              0x00000f21   Thumb Code    98  lab4.o(i.MOTOR_START)
    MOTOR_STOP                               0x00000f89   Thumb Code    40  lab4.o(i.MOTOR_STOP)
    OS_AddPeriodicEventThread                0x00000fb5   Thumb Code    70  os.o(i.OS_AddPeriodicEventThread)
    OS_AddThreads                            0x00001005   Thumb Code   322  os.o(i.OS_AddThreads)
    OS_Init                                  0x00001155   Thumb Code    26  os.o(i.OS_Init)
    OS_Launch                                0x00001179   Thumb Code    48  os.o(i.OS_Launch)
    PWM1_INIT                                0x000011ad   Thumb Code   130  lab4.o(i.PWM1_INIT)
    PWMGenConfigure                          0x00001249   Thumb Code    42  pwm.o(i.PWMGenConfigure)
    PWMGenDisable                            0x00001279   Thumb Code    10  pwm.o(i.PWMGenDisable)
    PWMGenEnable                             0x00001283   Thumb Code    10  pwm.o(i.PWMGenEnable)
    PWMGenPeriodSet                          0x0000128d   Thumb Code    22  pwm.o(i.PWMGenPeriodSet)
    PWMOutputState                           0x000012a3   Thumb Code    20  pwm.o(i.PWMOutputState)
    PWMPulseWidthSet                         0x000012b7   Thumb Code    38  pwm.o(i.PWMPulseWidthSet)
    RIGHT_WALL_ADJUST                        0x000012dd   Thumb Code   458  lab4.o(i.RIGHT_WALL_ADJUST)
    Scheduler                                0x00001555   Thumb Code    42  os.o(i.Scheduler)
    SetInitialStack                          0x00001585   Thumb Code   308  os.o(i.SetInitialStack)
    SysCtlClockGet                           0x000016c1   Thumb Code   324  sysctl.o(i.SysCtlClockGet)
    SysCtlPWMClockSet                        0x0000182d   Thumb Code    16  sysctl.o(i.SysCtlPWMClockSet)
    SysCtlPeripheralEnable                   0x00001841   Thumb Code    46  sysctl.o(i.SysCtlPeripheralEnable)
    SysCtlPeripheralReady                    0x00001875   Thumb Code    52  sysctl.o(i.SysCtlPeripheralReady)
    Task0                                    0x000018ad   Thumb Code     4  lab4.o(i.Task0)
    Task1                                    0x000018b1   Thumb Code     4  lab4.o(i.Task1)
    Task2                                    0x000018b5   Thumb Code     4  lab4.o(i.Task2)
    Task3                                    0x000018b9   Thumb Code     4  lab4.o(i.Task3)
    Task4                                    0x000018bd   Thumb Code     4  lab4.o(i.Task4)
    Task5                                    0x000018c1   Thumb Code     4  lab4.o(i.Task5)
    Task6                                    0x000018c5   Thumb Code     4  lab4.o(i.Task6)
    UART1_INIT                               0x000018c9   Thumb Code    58  lab4.o(i.UART1_INIT)
    UART1_READ                               0x00001919   Thumb Code    80  lab4.o(i.UART1_READ)
    UART1_WRITE                              0x00001971   Thumb Code    48  lab4.o(i.UART1_WRITE)
    UARTCharGet                              0x000019a5   Thumb Code    18  uart.o(i.UARTCharGet)
    UARTCharGetNonBlocking                   0x000019b7   Thumb Code    20  uart.o(i.UARTCharGetNonBlocking)
    UARTCharPut                              0x000019cb   Thumb Code    16  uart.o(i.UARTCharPut)
    UARTCharsAvail                           0x000019db   Thumb Code    12  uart.o(i.UARTCharsAvail)
    UARTConfigSetExpClk                      0x000019e7   Thumb Code    76  uart.o(i.UARTConfigSetExpClk)
    UARTDisable                              0x00001a33   Thumb Code    32  uart.o(i.UARTDisable)
    UARTEnable                               0x00001a53   Thumb Code    20  uart.o(i.UARTEnable)
    USER_COMM                                0x00001a69   Thumb Code    22  lab4.o(i.USER_COMM)
    WideTimer3A_Handler                      0x00001a95   Thumb Code    16  bsp.o(i.WideTimer3A_Handler)
    WideTimer4A_Handler                      0x00001aad   Thumb Code    16  bsp.o(i.WideTimer4A_Handler)
    WideTimer5A_Handler                      0x00001ac5   Thumb Code    16  bsp.o(i.WideTimer5A_Handler)
    main                                     0x00001add   Thumb Code   118  lab4.o(i.main)
    __aeabi_d2iz                             0x00001c15   Thumb Code     0  dfix.o(x$fpl$dfix)
    _dfix                                    0x00001c15   Thumb Code    94  dfix.o(x$fpl$dfix)
    __aeabi_i2d                              0x00001c73   Thumb Code     0  dflt_clz.o(x$fpl$dflt)
    _dflt                                    0x00001c73   Thumb Code    46  dflt_clz.o(x$fpl$dflt)
    __aeabi_dmul                             0x00001ca1   Thumb Code     0  dmul.o(x$fpl$dmul)
    _dmul                                    0x00001ca1   Thumb Code   332  dmul.o(x$fpl$dmul)
    __fpl_dnaninf                            0x00001df5   Thumb Code   156  dnaninf.o(x$fpl$dnaninf)
    __fpl_dretinf                            0x00001e91   Thumb Code    12  dretinf.o(x$fpl$dretinf)
    __aeabi_fadd                             0x00001e9d   Thumb Code     0  faddsub_clz.o(x$fpl$fadd)
    _fadd                                    0x00001e9d   Thumb Code   196  faddsub_clz.o(x$fpl$fadd)
    __aeabi_f2iz                             0x00001f61   Thumb Code     0  ffix.o(x$fpl$ffix)
    _ffix                                    0x00001f61   Thumb Code    54  ffix.o(x$fpl$ffix)
    __aeabi_i2f                              0x00001f99   Thumb Code     0  fflt_clz.o(x$fpl$fflt)
    _fflt                                    0x00001f99   Thumb Code    48  fflt_clz.o(x$fpl$fflt)
    __aeabi_fmul                             0x00001fc9   Thumb Code     0  fmul.o(x$fpl$fmul)
    _fmul                                    0x00001fc9   Thumb Code   258  fmul.o(x$fpl$fmul)
    __fpl_fnaninf                            0x000020cb   Thumb Code   140  fnaninf.o(x$fpl$fnaninf)
    __fpl_fretinf                            0x00002157   Thumb Code    10  fretinf.o(x$fpl$fretinf)
    __aeabi_fsub                             0x00002161   Thumb Code     0  faddsub_clz.o(x$fpl$fsub)
    _fsub                                    0x00002161   Thumb Code   234  faddsub_clz.o(x$fpl$fsub)
    __I$use$fp                               0x0000224a   Number         0  usenofp.o(x$fpl$usenofp)
    Region$$Table$$Base                      0x000026c8   Number         0  anon$$obj.o(Region$$Table)
    Region$$Table$$Limit                     0x000026e8   Number         0  anon$$obj.o(Region$$Table)
    activeFlag                               0x20000000   Data           1  lab4.o(.data)
    RunPt                                    0x20000008   Data           4  os.o(.data)
    eventNumber                              0x2000000c   Data           4  os.o(.data)
    PutI                                     0x20000010   Data           4  os.o(.data)
    GetI                                     0x20000014   Data           4  os.o(.data)
    CurrentSize                              0x20000018   Data           4  os.o(.data)
    LostData                                 0x2000001c   Data           4  os.o(.data)
    StX                                      0x20000028   Data           4  bsp.o(.data)
    StY                                      0x2000002c   Data           4  bsp.o(.data)
    StTextColor                              0x20000030   Data           2  bsp.o(.data)
    Messageindex                             0x20000038   Data           4  bsp.o(.data)
    TimeIndex                                0x2000003c   Data           4  bsp.o(.data)
    Ymax                                     0x20000040   Data           4  bsp.o(.data)
    Ymin                                     0x20000044   Data           4  bsp.o(.data)
    Yrange                                   0x20000048   Data           4  bsp.o(.data)
    PlotBGColor                              0x2000004c   Data           2  bsp.o(.data)
    PeriodicTask                             0x20000050   Data           4  bsp.o(.data)
    PeriodicTaskB                            0x20000054   Data           4  bsp.o(.data)
    PeriodicTaskC                            0x20000058   Data           4  bsp.o(.data)
    LightBusy                                0x2000005c   Data           4  bsp.o(.data)
    TempBusy                                 0x20000060   Data           4  bsp.o(.data)
    tcbs                                     0x2000008c   Data         160  os.o(.bss)
    Stacks                                   0x2000012c   Data        3200  os.o(.bss)
    pertcbs                                  0x20000dac   Data          24  os.o(.bss)
    Fifo                                     0x20000dc4   Data          40  os.o(.bss)
    __libspace_start                         0x20000dec   Data          96  libspace.o(.bss)
    __temporary_stack_top$libspace           0x20000e4c   Data           0  libspace.o(.bss)



==============================================================================

Memory Map of the image

  Image Entry point : 0x00000361

  Load Region LR_1 (Base: 0x00000000, Size: 0x0000274c, Max: 0xffffffff, ABSOLUTE)

    Execution Region ER_RO (Exec base: 0x00000000, Load base: 0x00000000, Size: 0x000026e8, Max: 0xffffffff, ABSOLUTE)

    Exec Addr    Load Addr    Size         Type   Attr      Idx    E Section Name        Object

    0x00000000   0x00000000   0x0000026c   Data   RO         6192    RESET               startup_tm4c123.o
    0x0000026c   0x0000026c   0x00000008   Code   RO         6294  * !!!main             c_w.l(__main.o)
    0x00000274   0x00000274   0x00000034   Code   RO         6499    !!!scatter          c_w.l(__scatter.o)
    0x000002a8   0x000002a8   0x0000001a   Code   RO         6501    !!handler_copy      c_w.l(__scatter_copy.o)
    0x000002c2   0x000002c2   0x00000002   PAD
    0x000002c4   0x000002c4   0x0000001c   Code   RO         6503    !!handler_zi        c_w.l(__scatter_zi.o)
    0x000002e0   0x000002e0   0x00000000   Code   RO         6291    .ARM.Collect$$_printf_percent$$00000000  c_w.l(_printf_percent.o)
    0x000002e0   0x000002e0   0x00000006   Code   RO         6290    .ARM.Collect$$_printf_percent$$00000009  c_w.l(_printf_d.o)
    0x000002e6   0x000002e6   0x00000004   Code   RO         6333    .ARM.Collect$$_printf_percent$$00000017  c_w.l(_printf_percent_end.o)
    0x000002ea   0x000002ea   0x00000002   Code   RO         6369    .ARM.Collect$$libinit$$00000000  c_w.l(libinit.o)
    0x000002ec   0x000002ec   0x00000000   Code   RO         6376    .ARM.Collect$$libinit$$00000002  c_w.l(libinit2.o)
    0x000002ec   0x000002ec   0x00000000   Code   RO         6378    .ARM.Collect$$libinit$$00000004  c_w.l(libinit2.o)
    0x000002ec   0x000002ec   0x00000000   Code   RO         6381    .ARM.Collect$$libinit$$0000000A  c_w.l(libinit2.o)
    0x000002ec   0x000002ec   0x00000000   Code   RO         6383    .ARM.Collect$$libinit$$0000000C  c_w.l(libinit2.o)
    0x000002ec   0x000002ec   0x00000000   Code   RO         6385    .ARM.Collect$$libinit$$0000000E  c_w.l(libinit2.o)
    0x000002ec   0x000002ec   0x00000000   Code   RO         6388    .ARM.Collect$$libinit$$00000011  c_w.l(libinit2.o)
    0x000002ec   0x000002ec   0x00000000   Code   RO         6390    .ARM.Collect$$libinit$$00000013  c_w.l(libinit2.o)
    0x000002ec   0x000002ec   0x00000000   Code   RO         6392    .ARM.Collect$$libinit$$00000015  c_w.l(libinit2.o)
    0x000002ec   0x000002ec   0x00000000   Code   RO         6394    .ARM.Collect$$libinit$$00000017  c_w.l(libinit2.o)
    0x000002ec   0x000002ec   0x00000000   Code   RO         6396    .ARM.Collect$$libinit$$00000019  c_w.l(libinit2.o)
    0x000002ec   0x000002ec   0x00000000   Code   RO         6398    .ARM.Collect$$libinit$$0000001B  c_w.l(libinit2.o)
    0x000002ec   0x000002ec   0x00000000   Code   RO         6400    .ARM.Collect$$libinit$$0000001D  c_w.l(libinit2.o)
    0x000002ec   0x000002ec   0x00000000   Code   RO         6402    .ARM.Collect$$libinit$$0000001F  c_w.l(libinit2.o)
    0x000002ec   0x000002ec   0x00000000   Code   RO         6404    .ARM.Collect$$libinit$$00000021  c_w.l(libinit2.o)
    0x000002ec   0x000002ec   0x00000000   Code   RO         6406    .ARM.Collect$$libinit$$00000023  c_w.l(libinit2.o)
    0x000002ec   0x000002ec   0x00000000   Code   RO         6408    .ARM.Collect$$libinit$$00000025  c_w.l(libinit2.o)
    0x000002ec   0x000002ec   0x00000000   Code   RO         6412    .ARM.Collect$$libinit$$0000002C  c_w.l(libinit2.o)
    0x000002ec   0x000002ec   0x00000000   Code   RO         6414    .ARM.Collect$$libinit$$0000002E  c_w.l(libinit2.o)
    0x000002ec   0x000002ec   0x00000000   Code   RO         6416    .ARM.Collect$$libinit$$00000030  c_w.l(libinit2.o)
    0x000002ec   0x000002ec   0x00000000   Code   RO         6418    .ARM.Collect$$libinit$$00000032  c_w.l(libinit2.o)
    0x000002ec   0x000002ec   0x00000002   Code   RO         6419    .ARM.Collect$$libinit$$00000033  c_w.l(libinit2.o)
    0x000002ee   0x000002ee   0x00000002   Code   RO         6439    .ARM.Collect$$libshutdown$$00000000  c_w.l(libshutdown.o)
    0x000002f0   0x000002f0   0x00000000   Code   RO         6452    .ARM.Collect$$libshutdown$$00000002  c_w.l(libshutdown2.o)
    0x000002f0   0x000002f0   0x00000000   Code   RO         6454    .ARM.Collect$$libshutdown$$00000004  c_w.l(libshutdown2.o)
    0x000002f0   0x000002f0   0x00000000   Code   RO         6457    .ARM.Collect$$libshutdown$$00000007  c_w.l(libshutdown2.o)
    0x000002f0   0x000002f0   0x00000000   Code   RO         6460    .ARM.Collect$$libshutdown$$0000000A  c_w.l(libshutdown2.o)
    0x000002f0   0x000002f0   0x00000000   Code   RO         6462    .ARM.Collect$$libshutdown$$0000000C  c_w.l(libshutdown2.o)
    0x000002f0   0x000002f0   0x00000000   Code   RO         6465    .ARM.Collect$$libshutdown$$0000000F  c_w.l(libshutdown2.o)
    0x000002f0   0x000002f0   0x00000002   Code   RO         6466    .ARM.Collect$$libshutdown$$00000010  c_w.l(libshutdown2.o)
    0x000002f2   0x000002f2   0x00000000   Code   RO         6326    .ARM.Collect$$rtentry$$00000000  c_w.l(__rtentry.o)
    0x000002f2   0x000002f2   0x00000000   Code   RO         6344    .ARM.Collect$$rtentry$$00000002  c_w.l(__rtentry2.o)
    0x000002f2   0x000002f2   0x00000006   Code   RO         6356    .ARM.Collect$$rtentry$$00000004  c_w.l(__rtentry4.o)
    0x000002f8   0x000002f8   0x00000000   Code   RO         6346    .ARM.Collect$$rtentry$$00000009  c_w.l(__rtentry2.o)
    0x000002f8   0x000002f8   0x00000004   Code   RO         6347    .ARM.Collect$$rtentry$$0000000A  c_w.l(__rtentry2.o)
    0x000002fc   0x000002fc   0x00000000   Code   RO         6349    .ARM.Collect$$rtentry$$0000000C  c_w.l(__rtentry2.o)
    0x000002fc   0x000002fc   0x00000008   Code   RO         6350    .ARM.Collect$$rtentry$$0000000D  c_w.l(__rtentry2.o)
    0x00000304   0x00000304   0x00000002   Code   RO         6373    .ARM.Collect$$rtexit$$00000000  c_w.l(rtexit.o)
    0x00000306   0x00000306   0x00000000   Code   RO         6421    .ARM.Collect$$rtexit$$00000002  c_w.l(rtexit2.o)
    0x00000306   0x00000306   0x00000004   Code   RO         6422    .ARM.Collect$$rtexit$$00000003  c_w.l(rtexit2.o)
    0x0000030a   0x0000030a   0x00000006   Code   RO         6423    .ARM.Collect$$rtexit$$00000004  c_w.l(rtexit2.o)
    0x00000310   0x00000310   0x00000006   Code   RO         4256    .emb_text           sysctl.o
    0x00000316   0x00000316   0x00000002   PAD
    0x00000318   0x00000318   0x00000048   Code   RO          323    .text               osasm.o
    0x00000360   0x00000360   0x00000124   Code   RO         6193  * .text               startup_tm4c123.o
    0x00000484   0x00000484   0x00000028   Code   RO         6264    .text               c_w.l(noretval__2sprintf.o)
    0x000004ac   0x000004ac   0x00000068   Code   RO         6266    .text               c_w.l(__printf.o)
    0x00000514   0x00000514   0x00000078   Code   RO         6268    .text               c_w.l(_printf_dec.o)
    0x0000058c   0x0000058c   0x00000006   Code   RO         6292    .text               c_w.l(heapauxi.o)
    0x00000592   0x00000592   0x000000b2   Code   RO         6327    .text               c_w.l(_printf_intcommon.o)
    0x00000644   0x00000644   0x00000030   Code   RO         6329    .text               c_w.l(_printf_char_common.o)
    0x00000674   0x00000674   0x0000000a   Code   RO         6331    .text               c_w.l(_sputc.o)
    0x0000067e   0x0000067e   0x0000004a   Code   RO         6360    .text               c_w.l(sys_stackheap_outer.o)
    0x000006c8   0x000006c8   0x00000012   Code   RO         6362    .text               c_w.l(exit.o)
    0x000006da   0x000006da   0x00000002   PAD
    0x000006dc   0x000006dc   0x00000008   Code   RO         6370    .text               c_w.l(libspace.o)
    0x000006e4   0x000006e4   0x0000000c   Code   RO         6431    .text               c_w.l(sys_exit.o)
    0x000006f0   0x000006f0   0x00000002   Code   RO         6442    .text               c_w.l(use_no_semi.o)
    0x000006f2   0x000006f2   0x00000000   Code   RO         6444    .text               c_w.l(indicate_semi.o)
    0x000006f2   0x000006f2   0x00000002   PAD
    0x000006f4   0x000006f4   0x00000080   Code   RO            1    i.ADC0_INIT_SEQ1    lab4.o
    0x00000774   0x00000774   0x00000080   Code   RO            2    i.ADC0_INIT_SEQ2    lab4.o
    0x000007f4   0x000007f4   0x00000048   Code   RO            3    i.ADC0_READ_SEQ1    lab4.o
    0x0000083c   0x0000083c   0x00000048   Code   RO            4    i.ADC0_READ_SEQ2    lab4.o
    0x00000884   0x00000884   0x00000008   Code   RO          848    i.ADCIntClear       adc.o
    0x0000088c   0x0000088c   0x00000036   Code   RO          855    i.ADCIntStatus      adc.o
    0x000008c2   0x000008c2   0x00000018   Code   RO          860    i.ADCProcessorTrigger  adc.o
    0x000008da   0x000008da   0x0000004e   Code   RO          863    i.ADCSequenceConfigure  adc.o
    0x00000928   0x00000928   0x00000022   Code   RO          866    i.ADCSequenceDataGet  adc.o
    0x0000094a   0x0000094a   0x0000000c   Code   RO          867    i.ADCSequenceDisable  adc.o
    0x00000956   0x00000956   0x0000000c   Code   RO          868    i.ADCSequenceEnable  adc.o
    0x00000962   0x00000962   0x00000088   Code   RO          871    i.ADCSequenceStepConfigure  adc.o
    0x000009ea   0x000009ea   0x00000002   PAD
    0x000009ec   0x000009ec   0x0000000c   Code   RO          336    i.BSP_Clock_GetFreq  bsp.o
    0x000009f8   0x000009f8   0x0000008c   Code   RO          337    i.BSP_Clock_InitFastest  bsp.o
    0x00000a84   0x00000a84   0x000000c0   Code   RO          368    i.BSP_PeriodicTask_Init  bsp.o
    0x00000b44   0x00000b44   0x0000007c   Code   RO            5    i.CMD_INTERPRETER   lab4.o
    0x00000bc0   0x00000bc0   0x0000007c   Code   RO            6    i.FRONT_WALL_TURN   lab4.o
    0x00000c3c   0x00000c3c   0x00000030   Code   RO            7    i.GPIOA_INIT        lab4.o
    0x00000c6c   0x00000c6c   0x00000032   Code   RO         2206    i.GPIODirModeSet    gpio.o
    0x00000c9e   0x00000c9e   0x00000156   Code   RO         2218    i.GPIOPadConfigSet  gpio.o
    0x00000df4   0x00000df4   0x00000050   Code   RO         2219    i.GPIOPinConfigure  gpio.o
    0x00000e44   0x00000e44   0x0000001e   Code   RO         2221    i.GPIOPinTypeADC    gpio.o
    0x00000e62   0x00000e62   0x0000001e   Code   RO         2230    i.GPIOPinTypeGPIOOutput  gpio.o
    0x00000e80   0x00000e80   0x0000001e   Code   RO         2237    i.GPIOPinTypePWM    gpio.o
    0x00000e9e   0x00000e9e   0x0000001e   Code   RO         2242    i.GPIOPinTypeUART   gpio.o
    0x00000ebc   0x00000ebc   0x0000000a   Code   RO         2248    i.GPIOPinWrite      gpio.o
    0x00000ec6   0x00000ec6   0x0000005a   Code   RO            8    i.MOTOR_DIR         lab4.o
    0x00000f20   0x00000f20   0x00000068   Code   RO            9    i.MOTOR_START       lab4.o
    0x00000f88   0x00000f88   0x0000002c   Code   RO           10    i.MOTOR_STOP        lab4.o
    0x00000fb4   0x00000fb4   0x00000050   Code   RO          218    i.OS_AddPeriodicEventThread  os.o
    0x00001004   0x00001004   0x00000150   Code   RO          219    i.OS_AddThreads     os.o
    0x00001154   0x00001154   0x00000024   Code   RO          223    i.OS_Init           os.o
    0x00001178   0x00001178   0x00000034   Code   RO          225    i.OS_Launch         os.o
    0x000011ac   0x000011ac   0x0000009c   Code   RO           11    i.PWM1_INIT         lab4.o
    0x00001248   0x00001248   0x00000030   Code   RO         3560    i.PWMGenConfigure   pwm.o
    0x00001278   0x00001278   0x0000000a   Code   RO         3561    i.PWMGenDisable     pwm.o
    0x00001282   0x00001282   0x0000000a   Code   RO         3562    i.PWMGenEnable      pwm.o
    0x0000128c   0x0000128c   0x00000016   Code   RO         3575    i.PWMGenPeriodSet   pwm.o
    0x000012a2   0x000012a2   0x00000014   Code   RO         3582    i.PWMOutputState    pwm.o
    0x000012b6   0x000012b6   0x00000026   Code   RO         3585    i.PWMPulseWidthSet  pwm.o
    0x000012dc   0x000012dc   0x00000278   Code   RO           12    i.RIGHT_WALL_ADJUST  lab4.o
    0x00001554   0x00001554   0x00000030   Code   RO          230    i.Scheduler         os.o
    0x00001584   0x00001584   0x0000013c   Code   RO          231    i.SetInitialStack   os.o
    0x000016c0   0x000016c0   0x0000016c   Code   RO         4259    i.SysCtlClockGet    sysctl.o
    0x0000182c   0x0000182c   0x00000014   Code   RO         4285    i.SysCtlPWMClockSet  sysctl.o
    0x00001840   0x00001840   0x00000034   Code   RO         4290    i.SysCtlPeripheralEnable  sysctl.o
    0x00001874   0x00001874   0x00000038   Code   RO         4294    i.SysCtlPeripheralReady  sysctl.o
    0x000018ac   0x000018ac   0x00000004   Code   RO           13    i.Task0             lab4.o
    0x000018b0   0x000018b0   0x00000004   Code   RO           14    i.Task1             lab4.o
    0x000018b4   0x000018b4   0x00000004   Code   RO           15    i.Task2             lab4.o
    0x000018b8   0x000018b8   0x00000004   Code   RO           16    i.Task3             lab4.o
    0x000018bc   0x000018bc   0x00000004   Code   RO           17    i.Task4             lab4.o
    0x000018c0   0x000018c0   0x00000004   Code   RO           18    i.Task5             lab4.o
    0x000018c4   0x000018c4   0x00000004   Code   RO           19    i.Task6             lab4.o
    0x000018c8   0x000018c8   0x00000050   Code   RO           23    i.UART1_INIT        lab4.o
    0x00001918   0x00001918   0x00000058   Code   RO           24    i.UART1_READ        lab4.o
    0x00001970   0x00001970   0x00000034   Code   RO           25    i.UART1_WRITE       lab4.o
    0x000019a4   0x000019a4   0x00000012   Code   RO         4974    i.UARTCharGet       uart.o
    0x000019b6   0x000019b6   0x00000014   Code   RO         4975    i.UARTCharGetNonBlocking  uart.o
    0x000019ca   0x000019ca   0x00000010   Code   RO         4976    i.UARTCharPut       uart.o
    0x000019da   0x000019da   0x0000000c   Code   RO         4978    i.UARTCharsAvail    uart.o
    0x000019e6   0x000019e6   0x0000004c   Code   RO         4982    i.UARTConfigSetExpClk  uart.o
    0x00001a32   0x00001a32   0x00000020   Code   RO         4985    i.UARTDisable       uart.o
    0x00001a52   0x00001a52   0x00000014   Code   RO         4987    i.UARTEnable        uart.o
    0x00001a66   0x00001a66   0x00000002   PAD
    0x00001a68   0x00001a68   0x0000002c   Code   RO           26    i.USER_COMM         lab4.o
    0x00001a94   0x00001a94   0x00000018   Code   RO          390    i.WideTimer3A_Handler  bsp.o
    0x00001aac   0x00001aac   0x00000018   Code   RO          391    i.WideTimer4A_Handler  bsp.o
    0x00001ac4   0x00001ac4   0x00000018   Code   RO          392    i.WideTimer5A_Handler  bsp.o
    0x00001adc   0x00001adc   0x000000a0   Code   RO           27    i.main              lab4.o
    0x00001b7c   0x00001b7c   0x00000098   Code   RO          232    i.runperiodicevents  os.o
    0x00001c14   0x00001c14   0x0000005e   Code   RO         6296    x$fpl$dfix          fz_ws.l(dfix.o)
    0x00001c72   0x00001c72   0x0000002e   Code   RO         6301    x$fpl$dflt          fz_ws.l(dflt_clz.o)
    0x00001ca0   0x00001ca0   0x00000154   Code   RO         6306    x$fpl$dmul          fz_ws.l(dmul.o)
    0x00001df4   0x00001df4   0x0000009c   Code   RO         6334    x$fpl$dnaninf       fz_ws.l(dnaninf.o)
    0x00001e90   0x00001e90   0x0000000c   Code   RO         6336    x$fpl$dretinf       fz_ws.l(dretinf.o)
    0x00001e9c   0x00001e9c   0x000000c4   Code   RO         6308    x$fpl$fadd          fz_ws.l(faddsub_clz.o)
    0x00001f60   0x00001f60   0x00000036   Code   RO         6314    x$fpl$ffix          fz_ws.l(ffix.o)
    0x00001f96   0x00001f96   0x00000002   PAD
    0x00001f98   0x00001f98   0x00000030   Code   RO         6319    x$fpl$fflt          fz_ws.l(fflt_clz.o)
    0x00001fc8   0x00001fc8   0x00000102   Code   RO         6324    x$fpl$fmul          fz_ws.l(fmul.o)
    0x000020ca   0x000020ca   0x0000008c   Code   RO         6338    x$fpl$fnaninf       fz_ws.l(fnaninf.o)
    0x00002156   0x00002156   0x0000000a   Code   RO         6340    x$fpl$fretinf       fz_ws.l(fretinf.o)
    0x00002160   0x00002160   0x000000ea   Code   RO         6310    x$fpl$fsub          fz_ws.l(faddsub_clz.o)
    0x0000224a   0x0000224a   0x00000000   Code   RO         6342    x$fpl$usenofp       fz_ws.l(usenofp.o)
    0x0000224a   0x0000224a   0x00000002   PAD
    0x0000224c   0x0000224c   0x00000228   Data   RO         2250    .constdata          gpio.o
    0x00002474   0x00002474   0x00000254   Data   RO         4314    .constdata          sysctl.o
    0x000026c8   0x000026c8   0x00000020   Data   RO         6497    Region$$Table       anon$$obj.o


    Execution Region ER_RW (Exec base: 0x20000000, Load base: 0x000026e8, Size: 0x00000064, Max: 0xffffffff, ABSOLUTE)

    Exec Addr    Load Addr    Size         Type   Attr      Idx    E Section Name        Object

    0x20000000   0x000026e8   0x00000008   Data   RW           29    .data               lab4.o
    0x20000008   0x000026f0   0x00000018   Data   RW          234    .data               os.o
    0x20000020   0x00002708   0x00000044   Data   RW          412    .data               bsp.o


    Execution Region ER_ZI (Exec base: 0x20000064, Load base: 0x0000274c, Size: 0x00000fec, Max: 0xffffffff, ABSOLUTE)

    Exec Addr    Load Addr    Size         Type   Attr      Idx    E Section Name        Object

    0x20000064        -       0x00000028   Zero   RW           28    .bss                lab4.o
    0x2000008c        -       0x00000d60   Zero   RW          233    .bss                os.o
    0x20000dec        -       0x00000060   Zero   RW         6371    .bss                c_w.l(libspace.o)
    0x20000e4c   0x0000274c   0x00000004   PAD
    0x20000e50        -       0x00000000   Zero   RW         6191    HEAP                startup_tm4c123.o
    0x20000e50        -       0x00000200   Zero   RW         6190    STACK               startup_tm4c123.o


==============================================================================

Image component sizes


      Code (inc. data)   RO Data    RW Data    ZI Data      Debug   Object Name

       358          0          0          0          0       5711   adc.o
       416         74          0         68          0       6108   bsp.o
       602         10        552          0          0       5634   gpio.o
      2174        396          0          8         40      17125   lab4.o
      1020         64          0         24       3424       5288   os.o
        72          4          0          0          0        272   osasm.o
       148          6          0          0          0       3343   pwm.o
       292         18        620          0        512       5676   startup_tm4c123.o
       498         54        596          0          0       4258   sysctl.o
       194          0          0          0          0       3695   uart.o

    ----------------------------------------------------------------------
      5780        626       1800        100       3976      57110   Object Totals
         0          0         32          0          0          0   (incl. Generated)
         6          0          0          0          0          0   (incl. Padding)

    ----------------------------------------------------------------------

      Code (inc. data)   RO Data    RW Data    ZI Data      Debug   Library Member Name

         8          0          0          0          0         68   __main.o
       104          0          0          0          0         84   __printf.o
         0          0          0          0          0          0   __rtentry.o
        12          0          0          0          0          0   __rtentry2.o
         6          0          0          0          0          0   __rtentry4.o
        52          8          0          0          0          0   __scatter.o
        26          0          0          0          0          0   __scatter_copy.o
        28          0          0          0          0          0   __scatter_zi.o
        48          6          0          0          0         96   _printf_char_common.o
         6          0          0          0          0          0   _printf_d.o
       120         16          0          0          0         92   _printf_dec.o
       178          0          0          0          0         88   _printf_intcommon.o
         0          0          0          0          0          0   _printf_percent.o
         4          0          0          0          0          0   _printf_percent_end.o
        10          0          0          0          0         68   _sputc.o
        18          0          0          0          0         80   exit.o
         6          0          0          0          0        152   heapauxi.o
         0          0          0          0          0          0   indicate_semi.o
         2          0          0          0          0          0   libinit.o
         2          0          0          0          0          0   libinit2.o
         2          0          0          0          0          0   libshutdown.o
         2          0          0          0          0          0   libshutdown2.o
         8          4          0          0         96         68   libspace.o
        40          6          0          0          0         84   noretval__2sprintf.o
         2          0          0          0          0          0   rtexit.o
        10          0          0          0          0          0   rtexit2.o
        12          4          0          0          0         68   sys_exit.o
        74          0          0          0          0         80   sys_stackheap_outer.o
         2          0          0          0          0         68   use_no_semi.o
        94          4          0          0          0         92   dfix.o
        46          0          0          0          0         68   dflt_clz.o
       340         12          0          0          0        104   dmul.o
       156          4          0          0          0         92   dnaninf.o
        12          0          0          0          0         68   dretinf.o
       430          8          0          0          0        168   faddsub_clz.o
        54          4          0          0          0         84   ffix.o
        48          0          0          0          0         68   fflt_clz.o
       258          4          0          0          0         84   fmul.o
       140          4          0          0          0         84   fnaninf.o
        10          0          0          0          0         68   fretinf.o
         0          0          0          0          0          0   usenofp.o

    ----------------------------------------------------------------------
      2380         84          0          0        100       2076   Library Totals
        10          0          0          0          4          0   (incl. Padding)

    ----------------------------------------------------------------------

      Code (inc. data)   RO Data    RW Data    ZI Data      Debug   Library Name

       782         44          0          0         96       1096   c_w.l
      1588         40          0          0          0        980   fz_ws.l

    ----------------------------------------------------------------------
      2380         84          0          0        100       2076   Library Totals

    ----------------------------------------------------------------------

==============================================================================


      Code (inc. data)   RO Data    RW Data    ZI Data      Debug   

      8160        710       1800        100       4076      54658   Grand Totals
      8160        710       1800        100       4076      54658   ELF Image Totals
      8160        710       1800        100          0          0   ROM Totals

==============================================================================

    Total RO  Size (Code + RO Data)                 9960 (   9.73kB)
    Total RW  Size (RW Data + ZI Data)              4176 (   4.08kB)
    Total ROM Size (Code + RO Data + RW Data)      10060 (   9.82kB)

==============================================================================

